Archive member included to satisfy reference by file (symbol)

../drivers\libIotLibrary.a(stdio_driver.o)
                              main.o (stdio_initialise)
../drivers\libIotLibrary.a(serial.o)
                              ../drivers\libIotLibrary.a(stdio_driver.o) (serial_create)
../drivers\libIotLibrary.a(fifo.o)
                              ../drivers\libIotLibrary.a(serial.o) (fifo_init)
c:/program files (x86)/atmel/studio/7.0/toolchain/avr8/avr8-gnu-toolchain/bin/../lib/gcc/avr/5.4.0/../../../../avr/lib/avr6\libm.a(addsf3.o)
                              ../drivers\libIotLibrary.a(serial.o) (__subsf3)
c:/program files (x86)/atmel/studio/7.0/toolchain/avr8/avr8-gnu-toolchain/bin/../lib/gcc/avr/5.4.0/../../../../avr/lib/avr6\libm.a(addsf3x.o)
                              c:/program files (x86)/atmel/studio/7.0/toolchain/avr8/avr8-gnu-toolchain/bin/../lib/gcc/avr/5.4.0/../../../../avr/lib/avr6\libm.a(addsf3.o) (__addsf3x)
c:/program files (x86)/atmel/studio/7.0/toolchain/avr8/avr8-gnu-toolchain/bin/../lib/gcc/avr/5.4.0/../../../../avr/lib/avr6\libm.a(divsf3.o)
                              ../drivers\libIotLibrary.a(serial.o) (__divsf3)
c:/program files (x86)/atmel/studio/7.0/toolchain/avr8/avr8-gnu-toolchain/bin/../lib/gcc/avr/5.4.0/../../../../avr/lib/avr6\libm.a(divsf3x.o)
                              c:/program files (x86)/atmel/studio/7.0/toolchain/avr8/avr8-gnu-toolchain/bin/../lib/gcc/avr/5.4.0/../../../../avr/lib/avr6\libm.a(divsf3.o) (__divsf3x)
c:/program files (x86)/atmel/studio/7.0/toolchain/avr8/avr8-gnu-toolchain/bin/../lib/gcc/avr/5.4.0/../../../../avr/lib/avr6\libm.a(fixunssfsi.o)
                              ../drivers\libIotLibrary.a(serial.o) (__fixunssfsi)
c:/program files (x86)/atmel/studio/7.0/toolchain/avr8/avr8-gnu-toolchain/bin/../lib/gcc/avr/5.4.0/../../../../avr/lib/avr6\libm.a(floatsisf.o)
                              ../drivers\libIotLibrary.a(serial.o) (__floatunsisf)
c:/program files (x86)/atmel/studio/7.0/toolchain/avr8/avr8-gnu-toolchain/bin/../lib/gcc/avr/5.4.0/../../../../avr/lib/avr6\libm.a(fp_inf.o)
                              c:/program files (x86)/atmel/studio/7.0/toolchain/avr8/avr8-gnu-toolchain/bin/../lib/gcc/avr/5.4.0/../../../../avr/lib/avr6\libm.a(addsf3x.o) (__fp_inf)
c:/program files (x86)/atmel/studio/7.0/toolchain/avr8/avr8-gnu-toolchain/bin/../lib/gcc/avr/5.4.0/../../../../avr/lib/avr6\libm.a(fp_nan.o)
                              c:/program files (x86)/atmel/studio/7.0/toolchain/avr8/avr8-gnu-toolchain/bin/../lib/gcc/avr/5.4.0/../../../../avr/lib/avr6\libm.a(addsf3x.o) (__fp_nan)
c:/program files (x86)/atmel/studio/7.0/toolchain/avr8/avr8-gnu-toolchain/bin/../lib/gcc/avr/5.4.0/../../../../avr/lib/avr6\libm.a(fp_pscA.o)
                              c:/program files (x86)/atmel/studio/7.0/toolchain/avr8/avr8-gnu-toolchain/bin/../lib/gcc/avr/5.4.0/../../../../avr/lib/avr6\libm.a(addsf3x.o) (__fp_pscA)
c:/program files (x86)/atmel/studio/7.0/toolchain/avr8/avr8-gnu-toolchain/bin/../lib/gcc/avr/5.4.0/../../../../avr/lib/avr6\libm.a(fp_pscB.o)
                              c:/program files (x86)/atmel/studio/7.0/toolchain/avr8/avr8-gnu-toolchain/bin/../lib/gcc/avr/5.4.0/../../../../avr/lib/avr6\libm.a(addsf3x.o) (__fp_pscB)
c:/program files (x86)/atmel/studio/7.0/toolchain/avr8/avr8-gnu-toolchain/bin/../lib/gcc/avr/5.4.0/../../../../avr/lib/avr6\libm.a(fp_round.o)
                              c:/program files (x86)/atmel/studio/7.0/toolchain/avr8/avr8-gnu-toolchain/bin/../lib/gcc/avr/5.4.0/../../../../avr/lib/avr6\libm.a(addsf3.o) (__fp_round)
c:/program files (x86)/atmel/studio/7.0/toolchain/avr8/avr8-gnu-toolchain/bin/../lib/gcc/avr/5.4.0/../../../../avr/lib/avr6\libm.a(fp_split3.o)
                              c:/program files (x86)/atmel/studio/7.0/toolchain/avr8/avr8-gnu-toolchain/bin/../lib/gcc/avr/5.4.0/../../../../avr/lib/avr6\libm.a(addsf3x.o) (__fp_split3)
c:/program files (x86)/atmel/studio/7.0/toolchain/avr8/avr8-gnu-toolchain/bin/../lib/gcc/avr/5.4.0/../../../../avr/lib/avr6\libm.a(fp_zero.o)
                              c:/program files (x86)/atmel/studio/7.0/toolchain/avr8/avr8-gnu-toolchain/bin/../lib/gcc/avr/5.4.0/../../../../avr/lib/avr6\libm.a(addsf3x.o) (__fp_zero)
c:/program files (x86)/atmel/studio/7.0/toolchain/avr8/avr8-gnu-toolchain/bin/../lib/gcc/avr/5.4.0/../../../../avr/lib/avr6\libm.a(mulsf3.o)
                              ../drivers\libIotLibrary.a(serial.o) (__mulsf3)
c:/program files (x86)/atmel/studio/7.0/toolchain/avr8/avr8-gnu-toolchain/bin/../lib/gcc/avr/5.4.0/../../../../avr/lib/avr6\libm.a(mulsf3x.o)
                              c:/program files (x86)/atmel/studio/7.0/toolchain/avr8/avr8-gnu-toolchain/bin/../lib/gcc/avr/5.4.0/../../../../avr/lib/avr6\libm.a(mulsf3.o) (__mulsf3x)
c:/program files (x86)/atmel/studio/7.0/toolchain/avr8/avr8-gnu-toolchain/bin/../lib/gcc/avr/5.4.0/avr6\libgcc.a(_exit.o)
                              C:/Program Files (x86)/Atmel/Studio/7.0/Packs/atmel/ATmega_DFP/1.6.364/gcc/dev/atmega2560/avr6/crtatmega2560.o (exit)
c:/program files (x86)/atmel/studio/7.0/toolchain/avr8/avr8-gnu-toolchain/bin/../lib/gcc/avr/5.4.0/avr6\libgcc.a(_tablejump2.o)
                              FreeRTOS/src/timers.o (__tablejump2__)
c:/program files (x86)/atmel/studio/7.0/toolchain/avr8/avr8-gnu-toolchain/bin/../lib/gcc/avr/5.4.0/avr6\libgcc.a(_copy_data.o)
                              FreeRTOS/src/tasks.o (__do_copy_data)
c:/program files (x86)/atmel/studio/7.0/toolchain/avr8/avr8-gnu-toolchain/bin/../lib/gcc/avr/5.4.0/avr6\libgcc.a(_clear_bss.o)
                              FreeRTOS/src/heap_4.o (__do_clear_bss)
c:/program files (x86)/atmel/studio/7.0/toolchain/avr8/avr8-gnu-toolchain/bin/../lib/gcc/avr/5.4.0/../../../../avr/lib/avr6\libc.a(malloc.o)
                              ../drivers\libIotLibrary.a(serial.o) (malloc)
c:/program files (x86)/atmel/studio/7.0/toolchain/avr8/avr8-gnu-toolchain/bin/../lib/gcc/avr/5.4.0/../../../../avr/lib/avr6\libc.a(abort.o)
                              ../drivers\libIotLibrary.a(fifo.o) (abort)
c:/program files (x86)/atmel/studio/7.0/toolchain/avr8/avr8-gnu-toolchain/bin/../lib/gcc/avr/5.4.0/../../../../avr/lib/avr6\libc.a(memcpy.o)
                              FreeRTOS/src/queue.o (memcpy)
c:/program files (x86)/atmel/studio/7.0/toolchain/avr8/avr8-gnu-toolchain/bin/../lib/gcc/avr/5.4.0/../../../../avr/lib/avr6\libc.a(memset.o)
                              FreeRTOS/src/tasks.o (memset)
c:/program files (x86)/atmel/studio/7.0/toolchain/avr8/avr8-gnu-toolchain/bin/../lib/gcc/avr/5.4.0/../../../../avr/lib/avr6\libc.a(fgetc.o)
                              main.o (fgetc)
c:/program files (x86)/atmel/studio/7.0/toolchain/avr8/avr8-gnu-toolchain/bin/../lib/gcc/avr/5.4.0/../../../../avr/lib/avr6\libc.a(iob.o)
                              main.o (__iob)
c:/program files (x86)/atmel/studio/7.0/toolchain/avr8/avr8-gnu-toolchain/bin/../lib/gcc/avr/5.4.0/../../../../avr/lib/avr6\libc.a(putchar.o)
                              main.o (putchar)
c:/program files (x86)/atmel/studio/7.0/toolchain/avr8/avr8-gnu-toolchain/bin/../lib/gcc/avr/5.4.0/../../../../avr/lib/avr6\libc.a(fputc.o)
                              c:/program files (x86)/atmel/studio/7.0/toolchain/avr8/avr8-gnu-toolchain/bin/../lib/gcc/avr/5.4.0/../../../../avr/lib/avr6\libc.a(putchar.o) (fputc)

Allocating common symbols
Common symbol       size              file

sendQueue           0x2               main.o
timer2              0x2               main.o
__brkval            0x2               c:/program files (x86)/atmel/studio/7.0/toolchain/avr8/avr8-gnu-toolchain/bin/../lib/gcc/avr/5.4.0/../../../../avr/lib/avr6\libc.a(malloc.o)
receiveQueue        0x2               main.o
portTickRateHz      0x4               FreeRTOS/src/port.o
printSemaphore      0x2               main.o
timer1              0x2               main.o
__flp               0x2               c:/program files (x86)/atmel/studio/7.0/toolchain/avr8/avr8-gnu-toolchain/bin/../lib/gcc/avr/5.4.0/../../../../avr/lib/avr6\libc.a(malloc.o)
__iob               0x6               c:/program files (x86)/atmel/studio/7.0/toolchain/avr8/avr8-gnu-toolchain/bin/../lib/gcc/avr/5.4.0/../../../../avr/lib/avr6\libc.a(iob.o)
timer3              0x2               main.o
ticksRemainingInSec
                    0x4               FreeRTOS/src/port.o

Discarded input sections

 .data          0x00000000        0x0 C:/Program Files (x86)/Atmel/Studio/7.0/Packs/atmel/ATmega_DFP/1.6.364/gcc/dev/atmega2560/avr6/crtatmega2560.o
 .bss           0x00000000        0x0 C:/Program Files (x86)/Atmel/Studio/7.0/Packs/atmel/ATmega_DFP/1.6.364/gcc/dev/atmega2560/avr6/crtatmega2560.o
 .text          0x00000000        0x0 FreeRTOS/FreeRTOSTraceDriver/FreeRTOSTraceDriver.o
 .data          0x00000000        0x0 FreeRTOS/FreeRTOSTraceDriver/FreeRTOSTraceDriver.o
 .bss           0x00000000        0x0 FreeRTOS/FreeRTOSTraceDriver/FreeRTOSTraceDriver.o
 .text.trace_init
                0x00000000        0xc FreeRTOS/FreeRTOSTraceDriver/FreeRTOSTraceDriver.o
 .text          0x00000000        0x0 FreeRTOS/src/croutine.o
 .data          0x00000000        0x0 FreeRTOS/src/croutine.o
 .bss           0x00000000        0x0 FreeRTOS/src/croutine.o
 .debug_info    0x00000000       0x64 FreeRTOS/src/croutine.o
 .debug_abbrev  0x00000000       0x26 FreeRTOS/src/croutine.o
 .debug_aranges
                0x00000000       0x18 FreeRTOS/src/croutine.o
 .debug_line    0x00000000       0x1a FreeRTOS/src/croutine.o
 .debug_str     0x00000000      0x170 FreeRTOS/src/croutine.o
 .comment       0x00000000       0x31 FreeRTOS/src/croutine.o
 .text          0x00000000        0x0 FreeRTOS/src/event_groups.o
 .data          0x00000000        0x0 FreeRTOS/src/event_groups.o
 .bss           0x00000000        0x0 FreeRTOS/src/event_groups.o
 .text.prvTestWaitCondition
                0x00000000       0x42 FreeRTOS/src/event_groups.o
 .text.xEventGroupCreate
                0x00000000       0x2a FreeRTOS/src/event_groups.o
 .text.xEventGroupWaitBits
                0x00000000      0x146 FreeRTOS/src/event_groups.o
 .text.xEventGroupClearBits
                0x00000000       0x3a FreeRTOS/src/event_groups.o
 .text.xEventGroupGetBitsFromISR
                0x00000000        0xc FreeRTOS/src/event_groups.o
 .text.xEventGroupSetBits
                0x00000000      0x11c FreeRTOS/src/event_groups.o
 .text.xEventGroupSync
                0x00000000      0x17c FreeRTOS/src/event_groups.o
 .text.vEventGroupDelete
                0x00000000       0x32 FreeRTOS/src/event_groups.o
 .text.vEventGroupSetBitsCallback
                0x00000000        0x6 FreeRTOS/src/event_groups.o
 .text.vEventGroupClearBitsCallback
                0x00000000        0x6 FreeRTOS/src/event_groups.o
 .debug_info    0x00000000      0x971 FreeRTOS/src/event_groups.o
 .debug_abbrev  0x00000000      0x1dc FreeRTOS/src/event_groups.o
 .debug_loc     0x00000000      0xcc9 FreeRTOS/src/event_groups.o
 .debug_aranges
                0x00000000       0x68 FreeRTOS/src/event_groups.o
 .debug_ranges  0x00000000       0x70 FreeRTOS/src/event_groups.o
 .debug_line    0x00000000      0x413 FreeRTOS/src/event_groups.o
 .debug_str     0x00000000      0x58a FreeRTOS/src/event_groups.o
 .comment       0x00000000       0x31 FreeRTOS/src/event_groups.o
 .debug_frame   0x00000000      0x1dc FreeRTOS/src/event_groups.o
 .text          0x00000000        0x0 FreeRTOS/src/heap_4.o
 .data          0x00000000        0x0 FreeRTOS/src/heap_4.o
 .bss           0x00000000        0x0 FreeRTOS/src/heap_4.o
 .text.xPortGetFreeHeapSize
                0x00000000        0xa FreeRTOS/src/heap_4.o
 .text.xPortGetMinimumEverFreeHeapSize
                0x00000000        0xa FreeRTOS/src/heap_4.o
 .text.vPortInitialiseBlocks
                0x00000000        0x2 FreeRTOS/src/heap_4.o
 .text.vPortGetHeapStats
                0x00000000       0xc4 FreeRTOS/src/heap_4.o
 .text          0x00000000        0x0 FreeRTOS/src/list.o
 .data          0x00000000        0x0 FreeRTOS/src/list.o
 .bss           0x00000000        0x0 FreeRTOS/src/list.o
 .text.vListInsertEnd
                0x00000000       0x42 FreeRTOS/src/list.o
 .text          0x00000000        0x0 FreeRTOS/src/port.o
 .data          0x00000000        0x0 FreeRTOS/src/port.o
 .bss           0x00000000        0x0 FreeRTOS/src/port.o
 .text.vPortEndScheduler
                0x00000000       0x18 FreeRTOS/src/port.o
 .text.vPortYieldFromISR
                0x00000000       0xc2 FreeRTOS/src/port.o
 COMMON         0x00000000        0x8 FreeRTOS/src/port.o
 .text          0x00000000        0x0 FreeRTOS/src/queue.o
 .data          0x00000000        0x0 FreeRTOS/src/queue.o
 .bss           0x00000000        0x0 FreeRTOS/src/queue.o
 .text.xQueueGiveMutexRecursive
                0x00000000       0x48 FreeRTOS/src/queue.o
 .text.xQueueGiveFromISR
                0x00000000       0x52 FreeRTOS/src/queue.o
 .text.xQueueTakeMutexRecursive
                0x00000000       0x54 FreeRTOS/src/queue.o
 .text.xQueuePeek
                0x00000000      0x13a FreeRTOS/src/queue.o
 .text.xQueueReceiveFromISR
                0x00000000       0x6e FreeRTOS/src/queue.o
 .text.xQueuePeekFromISR
                0x00000000       0x2e FreeRTOS/src/queue.o
 .text.uxQueueMessagesWaiting
                0x00000000       0x10 FreeRTOS/src/queue.o
 .text.uxQueueSpacesAvailable
                0x00000000       0x16 FreeRTOS/src/queue.o
 .text.uxQueueMessagesWaitingFromISR
                0x00000000        0x6 FreeRTOS/src/queue.o
 .text.vQueueDelete
                0x00000000        0x6 FreeRTOS/src/queue.o
 .text.xQueueIsQueueEmptyFromISR
                0x00000000       0x10 FreeRTOS/src/queue.o
 .text.xQueueIsQueueFullFromISR
                0x00000000       0x12 FreeRTOS/src/queue.o
 .text          0x00000000        0x0 FreeRTOS/src/stream_buffer.o
 .data          0x00000000        0x0 FreeRTOS/src/stream_buffer.o
 .bss           0x00000000        0x0 FreeRTOS/src/stream_buffer.o
 .text.prvBytesInBuffer
                0x00000000       0x26 FreeRTOS/src/stream_buffer.o
 .text.prvInitialiseNewStreamBuffer
                0x00000000       0x20 FreeRTOS/src/stream_buffer.o
 .text.prvWriteBytesToBuffer
                0x00000000       0x92 FreeRTOS/src/stream_buffer.o
 .text.prvWriteMessageToBuffer
                0x00000000       0x8a FreeRTOS/src/stream_buffer.o
 .text.prvReadBytesFromBuffer
                0x00000000       0x9e FreeRTOS/src/stream_buffer.o
 .text.prvReadMessageFromBuffer
                0x00000000       0x8e FreeRTOS/src/stream_buffer.o
 .text.xStreamBufferGenericCreate
                0x00000000       0x68 FreeRTOS/src/stream_buffer.o
 .text.vStreamBufferDelete
                0x00000000       0x1a FreeRTOS/src/stream_buffer.o
 .text.xStreamBufferReset
                0x00000000       0x3e FreeRTOS/src/stream_buffer.o
 .text.xStreamBufferSetTriggerLevel
                0x00000000       0x22 FreeRTOS/src/stream_buffer.o
 .text.xStreamBufferSpacesAvailable
                0x00000000       0x24 FreeRTOS/src/stream_buffer.o
 .text.xStreamBufferBytesAvailable
                0x00000000        0x6 FreeRTOS/src/stream_buffer.o
 .text.xStreamBufferSend
                0x00000000      0x196 FreeRTOS/src/stream_buffer.o
 .text.xStreamBufferSendFromISR
                0x00000000       0x8e FreeRTOS/src/stream_buffer.o
 .text.xStreamBufferReceive
                0x00000000      0x112 FreeRTOS/src/stream_buffer.o
 .text.xStreamBufferNextMessageLengthBytes
                0x00000000       0x68 FreeRTOS/src/stream_buffer.o
 .text.xStreamBufferReceiveFromISR
                0x00000000       0x8a FreeRTOS/src/stream_buffer.o
 .text.xStreamBufferIsEmpty
                0x00000000       0x18 FreeRTOS/src/stream_buffer.o
 .text.xStreamBufferIsFull
                0x00000000       0x2c FreeRTOS/src/stream_buffer.o
 .text.xStreamBufferSendCompletedFromISR
                0x00000000       0x4c FreeRTOS/src/stream_buffer.o
 .text.xStreamBufferReceiveCompletedFromISR
                0x00000000       0x4c FreeRTOS/src/stream_buffer.o
 .debug_info    0x00000000     0x13df FreeRTOS/src/stream_buffer.o
 .debug_abbrev  0x00000000      0x246 FreeRTOS/src/stream_buffer.o
 .debug_loc     0x00000000     0x1daf FreeRTOS/src/stream_buffer.o
 .debug_aranges
                0x00000000       0xc0 FreeRTOS/src/stream_buffer.o
 .debug_ranges  0x00000000       0xb0 FreeRTOS/src/stream_buffer.o
 .debug_line    0x00000000      0x79a FreeRTOS/src/stream_buffer.o
 .debug_str     0x00000000      0x7b9 FreeRTOS/src/stream_buffer.o
 .comment       0x00000000       0x31 FreeRTOS/src/stream_buffer.o
 .debug_frame   0x00000000      0x40c FreeRTOS/src/stream_buffer.o
 .text          0x00000000        0x0 FreeRTOS/src/tasks.o
 .data          0x00000000        0x0 FreeRTOS/src/tasks.o
 .bss           0x00000000        0x0 FreeRTOS/src/tasks.o
 .text.prvTaskIsTaskSuspended
                0x00000000       0x2e FreeRTOS/src/tasks.o
 .text.prvTaskCheckFreeStackSpace
                0x00000000       0x1a FreeRTOS/src/tasks.o
 .text.vTaskDelete
                0x00000000       0xa2 FreeRTOS/src/tasks.o
 .text.uxTaskPriorityGet
                0x00000000       0x1e FreeRTOS/src/tasks.o
 .text.uxTaskPriorityGetFromISR
                0x00000000       0x14 FreeRTOS/src/tasks.o
 .text.vTaskPrioritySet
                0x00000000      0x13c FreeRTOS/src/tasks.o
 .text.vTaskResume
                0x00000000       0xae FreeRTOS/src/tasks.o
 .text.xTaskResumeFromISR
                0x00000000       0xbe FreeRTOS/src/tasks.o
 .text.vTaskEndScheduler
                0x00000000        0xe FreeRTOS/src/tasks.o
 .text.xTaskGetTickCountFromISR
                0x00000000       0x12 FreeRTOS/src/tasks.o
 .text.uxTaskGetNumberOfTasks
                0x00000000        0x6 FreeRTOS/src/tasks.o
 .text.pcTaskGetName
                0x00000000       0x10 FreeRTOS/src/tasks.o
 .text.xTaskCatchUpTicks
                0x00000000       0x46 FreeRTOS/src/tasks.o
 .text.xTaskGetApplicationTaskTag
                0x00000000       0x1e FreeRTOS/src/tasks.o
 .text.xTaskGetApplicationTaskTagFromISR
                0x00000000       0x14 FreeRTOS/src/tasks.o
 .text.xTaskCallApplicationTaskHook
                0x00000000       0x24 FreeRTOS/src/tasks.o
 .text.vTaskSuspend
                0x00000000       0xc2 FreeRTOS/src/tasks.o
 .text.vTaskPlaceOnUnorderedEventList
                0x00000000       0x96 FreeRTOS/src/tasks.o
 .text.vTaskRemoveFromUnorderedEventList
                0x00000000      0x134 FreeRTOS/src/tasks.o
 .text.vTaskSetTimeOutState
                0x00000000       0x2c FreeRTOS/src/tasks.o
 .text.uxTaskGetStackHighWaterMark
                0x00000000       0x18 FreeRTOS/src/tasks.o
 .text.xTaskGetCurrentTaskHandle
                0x00000000        0xa FreeRTOS/src/tasks.o
 .text.uxTaskResetEventItemValue
                0x00000000       0x54 FreeRTOS/src/tasks.o
 .text.ulTaskGenericNotifyTake
                0x00000000      0x10e FreeRTOS/src/tasks.o
 .text.xTaskGenericNotifyWait
                0x00000000      0x150 FreeRTOS/src/tasks.o
 .text.xTaskGenericNotify
                0x00000000      0x1ee FreeRTOS/src/tasks.o
 .text.xTaskGenericNotifyFromISR
                0x00000000      0x244 FreeRTOS/src/tasks.o
 .text.vTaskGenericNotifyGiveFromISR
                0x00000000      0x178 FreeRTOS/src/tasks.o
 .text.xTaskGenericNotifyStateClear
                0x00000000       0x34 FreeRTOS/src/tasks.o
 .text.ulTaskGenericNotifyValueClear
                0x00000000       0x6c FreeRTOS/src/tasks.o
 .text          0x00000000        0x0 FreeRTOS/src/timers.o
 .data          0x00000000        0x0 FreeRTOS/src/timers.o
 .bss           0x00000000        0x0 FreeRTOS/src/timers.o
 .text.prvInitialiseNewTimer
                0x00000000       0x70 FreeRTOS/src/timers.o
 .text.xTimerCreate
                0x00000000       0x66 FreeRTOS/src/timers.o
 .text.xTimerGetTimerDaemonTaskHandle
                0x00000000        0xa FreeRTOS/src/timers.o
 .text.xTimerGetPeriod
                0x00000000        0xc FreeRTOS/src/timers.o
 .text.vTimerSetReloadMode
                0x00000000       0x22 FreeRTOS/src/timers.o
 .text.uxTimerGetReloadMode
                0x00000000       0x1a FreeRTOS/src/timers.o
 .text.xTimerGetExpiryTime
                0x00000000        0xc FreeRTOS/src/timers.o
 .text.pcTimerGetName
                0x00000000        0x8 FreeRTOS/src/timers.o
 .text.xTimerIsTimerActive
                0x00000000       0x1a FreeRTOS/src/timers.o
 .text.pvTimerGetTimerID
                0x00000000       0x12 FreeRTOS/src/timers.o
 .text.vTimerSetTimerID
                0x00000000       0x12 FreeRTOS/src/timers.o
 .text          0x00000000        0x0 FreeRTOS/src/variantHooks.o
 .data          0x00000000        0x0 FreeRTOS/src/variantHooks.o
 .bss           0x00000000        0x0 FreeRTOS/src/variantHooks.o
 .text          0x00000000        0x0 main.o
 .data          0x00000000        0x0 main.o
 .bss           0x00000000        0x0 main.o
 .text.unsetBit
                0x00000000       0x14 main.o
 .text.isSet    0x00000000       0x12 main.o
 .text          0x00000000        0x0 ../drivers\libIotLibrary.a(stdio_driver.o)
 .data          0x00000000        0x0 ../drivers\libIotLibrary.a(stdio_driver.o)
 .bss           0x00000000        0x0 ../drivers\libIotLibrary.a(stdio_driver.o)
 .text          0x00000000        0x0 ../drivers\libIotLibrary.a(serial.o)
 .data          0x00000000        0x0 ../drivers\libIotLibrary.a(serial.o)
 .bss           0x00000000        0x0 ../drivers\libIotLibrary.a(serial.o)
 .text.serial_sendBytes
                0x00000000       0xaa ../drivers\libIotLibrary.a(serial.o)
 .text.serial_flushRx_Fifo
                0x00000000       0x1a ../drivers\libIotLibrary.a(serial.o)
 .text.serial_flushTxFifo
                0x00000000       0x1a ../drivers\libIotLibrary.a(serial.o)
 .text          0x00000000        0x0 ../drivers\libIotLibrary.a(fifo.o)
 .data          0x00000000        0x0 ../drivers\libIotLibrary.a(fifo.o)
 .bss           0x00000000        0x0 ../drivers\libIotLibrary.a(fifo.o)
 .text          0x00000000        0x0 c:/program files (x86)/atmel/studio/7.0/toolchain/avr8/avr8-gnu-toolchain/bin/../lib/gcc/avr/5.4.0/../../../../avr/lib/avr6\libm.a(addsf3.o)
 .data          0x00000000        0x0 c:/program files (x86)/atmel/studio/7.0/toolchain/avr8/avr8-gnu-toolchain/bin/../lib/gcc/avr/5.4.0/../../../../avr/lib/avr6\libm.a(addsf3.o)
 .bss           0x00000000        0x0 c:/program files (x86)/atmel/studio/7.0/toolchain/avr8/avr8-gnu-toolchain/bin/../lib/gcc/avr/5.4.0/../../../../avr/lib/avr6\libm.a(addsf3.o)
 .text          0x00000000        0x0 c:/program files (x86)/atmel/studio/7.0/toolchain/avr8/avr8-gnu-toolchain/bin/../lib/gcc/avr/5.4.0/../../../../avr/lib/avr6\libm.a(addsf3x.o)
 .data          0x00000000        0x0 c:/program files (x86)/atmel/studio/7.0/toolchain/avr8/avr8-gnu-toolchain/bin/../lib/gcc/avr/5.4.0/../../../../avr/lib/avr6\libm.a(addsf3x.o)
 .bss           0x00000000        0x0 c:/program files (x86)/atmel/studio/7.0/toolchain/avr8/avr8-gnu-toolchain/bin/../lib/gcc/avr/5.4.0/../../../../avr/lib/avr6\libm.a(addsf3x.o)
 .text          0x00000000        0x0 c:/program files (x86)/atmel/studio/7.0/toolchain/avr8/avr8-gnu-toolchain/bin/../lib/gcc/avr/5.4.0/../../../../avr/lib/avr6\libm.a(divsf3.o)
 .data          0x00000000        0x0 c:/program files (x86)/atmel/studio/7.0/toolchain/avr8/avr8-gnu-toolchain/bin/../lib/gcc/avr/5.4.0/../../../../avr/lib/avr6\libm.a(divsf3.o)
 .bss           0x00000000        0x0 c:/program files (x86)/atmel/studio/7.0/toolchain/avr8/avr8-gnu-toolchain/bin/../lib/gcc/avr/5.4.0/../../../../avr/lib/avr6\libm.a(divsf3.o)
 .text          0x00000000        0x0 c:/program files (x86)/atmel/studio/7.0/toolchain/avr8/avr8-gnu-toolchain/bin/../lib/gcc/avr/5.4.0/../../../../avr/lib/avr6\libm.a(divsf3x.o)
 .data          0x00000000        0x0 c:/program files (x86)/atmel/studio/7.0/toolchain/avr8/avr8-gnu-toolchain/bin/../lib/gcc/avr/5.4.0/../../../../avr/lib/avr6\libm.a(divsf3x.o)
 .bss           0x00000000        0x0 c:/program files (x86)/atmel/studio/7.0/toolchain/avr8/avr8-gnu-toolchain/bin/../lib/gcc/avr/5.4.0/../../../../avr/lib/avr6\libm.a(divsf3x.o)
 .text          0x00000000        0x0 c:/program files (x86)/atmel/studio/7.0/toolchain/avr8/avr8-gnu-toolchain/bin/../lib/gcc/avr/5.4.0/../../../../avr/lib/avr6\libm.a(fixunssfsi.o)
 .data          0x00000000        0x0 c:/program files (x86)/atmel/studio/7.0/toolchain/avr8/avr8-gnu-toolchain/bin/../lib/gcc/avr/5.4.0/../../../../avr/lib/avr6\libm.a(fixunssfsi.o)
 .bss           0x00000000        0x0 c:/program files (x86)/atmel/studio/7.0/toolchain/avr8/avr8-gnu-toolchain/bin/../lib/gcc/avr/5.4.0/../../../../avr/lib/avr6\libm.a(fixunssfsi.o)
 .text          0x00000000        0x0 c:/program files (x86)/atmel/studio/7.0/toolchain/avr8/avr8-gnu-toolchain/bin/../lib/gcc/avr/5.4.0/../../../../avr/lib/avr6\libm.a(floatsisf.o)
 .data          0x00000000        0x0 c:/program files (x86)/atmel/studio/7.0/toolchain/avr8/avr8-gnu-toolchain/bin/../lib/gcc/avr/5.4.0/../../../../avr/lib/avr6\libm.a(floatsisf.o)
 .bss           0x00000000        0x0 c:/program files (x86)/atmel/studio/7.0/toolchain/avr8/avr8-gnu-toolchain/bin/../lib/gcc/avr/5.4.0/../../../../avr/lib/avr6\libm.a(floatsisf.o)
 .text          0x00000000        0x0 c:/program files (x86)/atmel/studio/7.0/toolchain/avr8/avr8-gnu-toolchain/bin/../lib/gcc/avr/5.4.0/../../../../avr/lib/avr6\libm.a(fp_inf.o)
 .data          0x00000000        0x0 c:/program files (x86)/atmel/studio/7.0/toolchain/avr8/avr8-gnu-toolchain/bin/../lib/gcc/avr/5.4.0/../../../../avr/lib/avr6\libm.a(fp_inf.o)
 .bss           0x00000000        0x0 c:/program files (x86)/atmel/studio/7.0/toolchain/avr8/avr8-gnu-toolchain/bin/../lib/gcc/avr/5.4.0/../../../../avr/lib/avr6\libm.a(fp_inf.o)
 .text          0x00000000        0x0 c:/program files (x86)/atmel/studio/7.0/toolchain/avr8/avr8-gnu-toolchain/bin/../lib/gcc/avr/5.4.0/../../../../avr/lib/avr6\libm.a(fp_nan.o)
 .data          0x00000000        0x0 c:/program files (x86)/atmel/studio/7.0/toolchain/avr8/avr8-gnu-toolchain/bin/../lib/gcc/avr/5.4.0/../../../../avr/lib/avr6\libm.a(fp_nan.o)
 .bss           0x00000000        0x0 c:/program files (x86)/atmel/studio/7.0/toolchain/avr8/avr8-gnu-toolchain/bin/../lib/gcc/avr/5.4.0/../../../../avr/lib/avr6\libm.a(fp_nan.o)
 .text          0x00000000        0x0 c:/program files (x86)/atmel/studio/7.0/toolchain/avr8/avr8-gnu-toolchain/bin/../lib/gcc/avr/5.4.0/../../../../avr/lib/avr6\libm.a(fp_pscA.o)
 .data          0x00000000        0x0 c:/program files (x86)/atmel/studio/7.0/toolchain/avr8/avr8-gnu-toolchain/bin/../lib/gcc/avr/5.4.0/../../../../avr/lib/avr6\libm.a(fp_pscA.o)
 .bss           0x00000000        0x0 c:/program files (x86)/atmel/studio/7.0/toolchain/avr8/avr8-gnu-toolchain/bin/../lib/gcc/avr/5.4.0/../../../../avr/lib/avr6\libm.a(fp_pscA.o)
 .text          0x00000000        0x0 c:/program files (x86)/atmel/studio/7.0/toolchain/avr8/avr8-gnu-toolchain/bin/../lib/gcc/avr/5.4.0/../../../../avr/lib/avr6\libm.a(fp_pscB.o)
 .data          0x00000000        0x0 c:/program files (x86)/atmel/studio/7.0/toolchain/avr8/avr8-gnu-toolchain/bin/../lib/gcc/avr/5.4.0/../../../../avr/lib/avr6\libm.a(fp_pscB.o)
 .bss           0x00000000        0x0 c:/program files (x86)/atmel/studio/7.0/toolchain/avr8/avr8-gnu-toolchain/bin/../lib/gcc/avr/5.4.0/../../../../avr/lib/avr6\libm.a(fp_pscB.o)
 .text          0x00000000        0x0 c:/program files (x86)/atmel/studio/7.0/toolchain/avr8/avr8-gnu-toolchain/bin/../lib/gcc/avr/5.4.0/../../../../avr/lib/avr6\libm.a(fp_round.o)
 .data          0x00000000        0x0 c:/program files (x86)/atmel/studio/7.0/toolchain/avr8/avr8-gnu-toolchain/bin/../lib/gcc/avr/5.4.0/../../../../avr/lib/avr6\libm.a(fp_round.o)
 .bss           0x00000000        0x0 c:/program files (x86)/atmel/studio/7.0/toolchain/avr8/avr8-gnu-toolchain/bin/../lib/gcc/avr/5.4.0/../../../../avr/lib/avr6\libm.a(fp_round.o)
 .text          0x00000000        0x0 c:/program files (x86)/atmel/studio/7.0/toolchain/avr8/avr8-gnu-toolchain/bin/../lib/gcc/avr/5.4.0/../../../../avr/lib/avr6\libm.a(fp_split3.o)
 .data          0x00000000        0x0 c:/program files (x86)/atmel/studio/7.0/toolchain/avr8/avr8-gnu-toolchain/bin/../lib/gcc/avr/5.4.0/../../../../avr/lib/avr6\libm.a(fp_split3.o)
 .bss           0x00000000        0x0 c:/program files (x86)/atmel/studio/7.0/toolchain/avr8/avr8-gnu-toolchain/bin/../lib/gcc/avr/5.4.0/../../../../avr/lib/avr6\libm.a(fp_split3.o)
 .text          0x00000000        0x0 c:/program files (x86)/atmel/studio/7.0/toolchain/avr8/avr8-gnu-toolchain/bin/../lib/gcc/avr/5.4.0/../../../../avr/lib/avr6\libm.a(fp_zero.o)
 .data          0x00000000        0x0 c:/program files (x86)/atmel/studio/7.0/toolchain/avr8/avr8-gnu-toolchain/bin/../lib/gcc/avr/5.4.0/../../../../avr/lib/avr6\libm.a(fp_zero.o)
 .bss           0x00000000        0x0 c:/program files (x86)/atmel/studio/7.0/toolchain/avr8/avr8-gnu-toolchain/bin/../lib/gcc/avr/5.4.0/../../../../avr/lib/avr6\libm.a(fp_zero.o)
 .text          0x00000000        0x0 c:/program files (x86)/atmel/studio/7.0/toolchain/avr8/avr8-gnu-toolchain/bin/../lib/gcc/avr/5.4.0/../../../../avr/lib/avr6\libm.a(mulsf3.o)
 .data          0x00000000        0x0 c:/program files (x86)/atmel/studio/7.0/toolchain/avr8/avr8-gnu-toolchain/bin/../lib/gcc/avr/5.4.0/../../../../avr/lib/avr6\libm.a(mulsf3.o)
 .bss           0x00000000        0x0 c:/program files (x86)/atmel/studio/7.0/toolchain/avr8/avr8-gnu-toolchain/bin/../lib/gcc/avr/5.4.0/../../../../avr/lib/avr6\libm.a(mulsf3.o)
 .text          0x00000000        0x0 c:/program files (x86)/atmel/studio/7.0/toolchain/avr8/avr8-gnu-toolchain/bin/../lib/gcc/avr/5.4.0/../../../../avr/lib/avr6\libm.a(mulsf3x.o)
 .data          0x00000000        0x0 c:/program files (x86)/atmel/studio/7.0/toolchain/avr8/avr8-gnu-toolchain/bin/../lib/gcc/avr/5.4.0/../../../../avr/lib/avr6\libm.a(mulsf3x.o)
 .bss           0x00000000        0x0 c:/program files (x86)/atmel/studio/7.0/toolchain/avr8/avr8-gnu-toolchain/bin/../lib/gcc/avr/5.4.0/../../../../avr/lib/avr6\libm.a(mulsf3x.o)
 .text          0x00000000        0x0 c:/program files (x86)/atmel/studio/7.0/toolchain/avr8/avr8-gnu-toolchain/bin/../lib/gcc/avr/5.4.0/avr6\libgcc.a(_exit.o)
 .data          0x00000000        0x0 c:/program files (x86)/atmel/studio/7.0/toolchain/avr8/avr8-gnu-toolchain/bin/../lib/gcc/avr/5.4.0/avr6\libgcc.a(_exit.o)
 .bss           0x00000000        0x0 c:/program files (x86)/atmel/studio/7.0/toolchain/avr8/avr8-gnu-toolchain/bin/../lib/gcc/avr/5.4.0/avr6\libgcc.a(_exit.o)
 .text.libgcc.mul
                0x00000000        0x0 c:/program files (x86)/atmel/studio/7.0/toolchain/avr8/avr8-gnu-toolchain/bin/../lib/gcc/avr/5.4.0/avr6\libgcc.a(_exit.o)
 .text.libgcc.div
                0x00000000        0x0 c:/program files (x86)/atmel/studio/7.0/toolchain/avr8/avr8-gnu-toolchain/bin/../lib/gcc/avr/5.4.0/avr6\libgcc.a(_exit.o)
 .text.libgcc   0x00000000        0x0 c:/program files (x86)/atmel/studio/7.0/toolchain/avr8/avr8-gnu-toolchain/bin/../lib/gcc/avr/5.4.0/avr6\libgcc.a(_exit.o)
 .text.libgcc.prologue
                0x00000000        0x0 c:/program files (x86)/atmel/studio/7.0/toolchain/avr8/avr8-gnu-toolchain/bin/../lib/gcc/avr/5.4.0/avr6\libgcc.a(_exit.o)
 .text.libgcc.builtins
                0x00000000        0x0 c:/program files (x86)/atmel/studio/7.0/toolchain/avr8/avr8-gnu-toolchain/bin/../lib/gcc/avr/5.4.0/avr6\libgcc.a(_exit.o)
 .text.libgcc.fmul
                0x00000000        0x0 c:/program files (x86)/atmel/studio/7.0/toolchain/avr8/avr8-gnu-toolchain/bin/../lib/gcc/avr/5.4.0/avr6\libgcc.a(_exit.o)
 .text.libgcc.fixed
                0x00000000        0x0 c:/program files (x86)/atmel/studio/7.0/toolchain/avr8/avr8-gnu-toolchain/bin/../lib/gcc/avr/5.4.0/avr6\libgcc.a(_exit.o)
 .text          0x00000000        0x0 c:/program files (x86)/atmel/studio/7.0/toolchain/avr8/avr8-gnu-toolchain/bin/../lib/gcc/avr/5.4.0/avr6\libgcc.a(_tablejump2.o)
 .data          0x00000000        0x0 c:/program files (x86)/atmel/studio/7.0/toolchain/avr8/avr8-gnu-toolchain/bin/../lib/gcc/avr/5.4.0/avr6\libgcc.a(_tablejump2.o)
 .bss           0x00000000        0x0 c:/program files (x86)/atmel/studio/7.0/toolchain/avr8/avr8-gnu-toolchain/bin/../lib/gcc/avr/5.4.0/avr6\libgcc.a(_tablejump2.o)
 .text.libgcc.mul
                0x00000000        0x0 c:/program files (x86)/atmel/studio/7.0/toolchain/avr8/avr8-gnu-toolchain/bin/../lib/gcc/avr/5.4.0/avr6\libgcc.a(_tablejump2.o)
 .text.libgcc.div
                0x00000000        0x0 c:/program files (x86)/atmel/studio/7.0/toolchain/avr8/avr8-gnu-toolchain/bin/../lib/gcc/avr/5.4.0/avr6\libgcc.a(_tablejump2.o)
 .text.libgcc.prologue
                0x00000000        0x0 c:/program files (x86)/atmel/studio/7.0/toolchain/avr8/avr8-gnu-toolchain/bin/../lib/gcc/avr/5.4.0/avr6\libgcc.a(_tablejump2.o)
 .text.libgcc.builtins
                0x00000000        0x0 c:/program files (x86)/atmel/studio/7.0/toolchain/avr8/avr8-gnu-toolchain/bin/../lib/gcc/avr/5.4.0/avr6\libgcc.a(_tablejump2.o)
 .text.libgcc.fmul
                0x00000000        0x0 c:/program files (x86)/atmel/studio/7.0/toolchain/avr8/avr8-gnu-toolchain/bin/../lib/gcc/avr/5.4.0/avr6\libgcc.a(_tablejump2.o)
 .text.libgcc.fixed
                0x00000000        0x0 c:/program files (x86)/atmel/studio/7.0/toolchain/avr8/avr8-gnu-toolchain/bin/../lib/gcc/avr/5.4.0/avr6\libgcc.a(_tablejump2.o)
 .text          0x00000000        0x0 c:/program files (x86)/atmel/studio/7.0/toolchain/avr8/avr8-gnu-toolchain/bin/../lib/gcc/avr/5.4.0/avr6\libgcc.a(_copy_data.o)
 .data          0x00000000        0x0 c:/program files (x86)/atmel/studio/7.0/toolchain/avr8/avr8-gnu-toolchain/bin/../lib/gcc/avr/5.4.0/avr6\libgcc.a(_copy_data.o)
 .bss           0x00000000        0x0 c:/program files (x86)/atmel/studio/7.0/toolchain/avr8/avr8-gnu-toolchain/bin/../lib/gcc/avr/5.4.0/avr6\libgcc.a(_copy_data.o)
 .text.libgcc.mul
                0x00000000        0x0 c:/program files (x86)/atmel/studio/7.0/toolchain/avr8/avr8-gnu-toolchain/bin/../lib/gcc/avr/5.4.0/avr6\libgcc.a(_copy_data.o)
 .text.libgcc.div
                0x00000000        0x0 c:/program files (x86)/atmel/studio/7.0/toolchain/avr8/avr8-gnu-toolchain/bin/../lib/gcc/avr/5.4.0/avr6\libgcc.a(_copy_data.o)
 .text.libgcc   0x00000000        0x0 c:/program files (x86)/atmel/studio/7.0/toolchain/avr8/avr8-gnu-toolchain/bin/../lib/gcc/avr/5.4.0/avr6\libgcc.a(_copy_data.o)
 .text.libgcc.prologue
                0x00000000        0x0 c:/program files (x86)/atmel/studio/7.0/toolchain/avr8/avr8-gnu-toolchain/bin/../lib/gcc/avr/5.4.0/avr6\libgcc.a(_copy_data.o)
 .text.libgcc.builtins
                0x00000000        0x0 c:/program files (x86)/atmel/studio/7.0/toolchain/avr8/avr8-gnu-toolchain/bin/../lib/gcc/avr/5.4.0/avr6\libgcc.a(_copy_data.o)
 .text.libgcc.fmul
                0x00000000        0x0 c:/program files (x86)/atmel/studio/7.0/toolchain/avr8/avr8-gnu-toolchain/bin/../lib/gcc/avr/5.4.0/avr6\libgcc.a(_copy_data.o)
 .text.libgcc.fixed
                0x00000000        0x0 c:/program files (x86)/atmel/studio/7.0/toolchain/avr8/avr8-gnu-toolchain/bin/../lib/gcc/avr/5.4.0/avr6\libgcc.a(_copy_data.o)
 .text          0x00000000        0x0 c:/program files (x86)/atmel/studio/7.0/toolchain/avr8/avr8-gnu-toolchain/bin/../lib/gcc/avr/5.4.0/avr6\libgcc.a(_clear_bss.o)
 .data          0x00000000        0x0 c:/program files (x86)/atmel/studio/7.0/toolchain/avr8/avr8-gnu-toolchain/bin/../lib/gcc/avr/5.4.0/avr6\libgcc.a(_clear_bss.o)
 .bss           0x00000000        0x0 c:/program files (x86)/atmel/studio/7.0/toolchain/avr8/avr8-gnu-toolchain/bin/../lib/gcc/avr/5.4.0/avr6\libgcc.a(_clear_bss.o)
 .text.libgcc.mul
                0x00000000        0x0 c:/program files (x86)/atmel/studio/7.0/toolchain/avr8/avr8-gnu-toolchain/bin/../lib/gcc/avr/5.4.0/avr6\libgcc.a(_clear_bss.o)
 .text.libgcc.div
                0x00000000        0x0 c:/program files (x86)/atmel/studio/7.0/toolchain/avr8/avr8-gnu-toolchain/bin/../lib/gcc/avr/5.4.0/avr6\libgcc.a(_clear_bss.o)
 .text.libgcc   0x00000000        0x0 c:/program files (x86)/atmel/studio/7.0/toolchain/avr8/avr8-gnu-toolchain/bin/../lib/gcc/avr/5.4.0/avr6\libgcc.a(_clear_bss.o)
 .text.libgcc.prologue
                0x00000000        0x0 c:/program files (x86)/atmel/studio/7.0/toolchain/avr8/avr8-gnu-toolchain/bin/../lib/gcc/avr/5.4.0/avr6\libgcc.a(_clear_bss.o)
 .text.libgcc.builtins
                0x00000000        0x0 c:/program files (x86)/atmel/studio/7.0/toolchain/avr8/avr8-gnu-toolchain/bin/../lib/gcc/avr/5.4.0/avr6\libgcc.a(_clear_bss.o)
 .text.libgcc.fmul
                0x00000000        0x0 c:/program files (x86)/atmel/studio/7.0/toolchain/avr8/avr8-gnu-toolchain/bin/../lib/gcc/avr/5.4.0/avr6\libgcc.a(_clear_bss.o)
 .text.libgcc.fixed
                0x00000000        0x0 c:/program files (x86)/atmel/studio/7.0/toolchain/avr8/avr8-gnu-toolchain/bin/../lib/gcc/avr/5.4.0/avr6\libgcc.a(_clear_bss.o)
 .text          0x00000000        0x0 c:/program files (x86)/atmel/studio/7.0/toolchain/avr8/avr8-gnu-toolchain/bin/../lib/gcc/avr/5.4.0/../../../../avr/lib/avr6\libc.a(malloc.o)
 .bss           0x00000000        0x0 c:/program files (x86)/atmel/studio/7.0/toolchain/avr8/avr8-gnu-toolchain/bin/../lib/gcc/avr/5.4.0/../../../../avr/lib/avr6\libc.a(malloc.o)
 .text          0x00000000        0x0 c:/program files (x86)/atmel/studio/7.0/toolchain/avr8/avr8-gnu-toolchain/bin/../lib/gcc/avr/5.4.0/../../../../avr/lib/avr6\libc.a(abort.o)
 .data          0x00000000        0x0 c:/program files (x86)/atmel/studio/7.0/toolchain/avr8/avr8-gnu-toolchain/bin/../lib/gcc/avr/5.4.0/../../../../avr/lib/avr6\libc.a(abort.o)
 .bss           0x00000000        0x0 c:/program files (x86)/atmel/studio/7.0/toolchain/avr8/avr8-gnu-toolchain/bin/../lib/gcc/avr/5.4.0/../../../../avr/lib/avr6\libc.a(abort.o)
 .text          0x00000000        0x0 c:/program files (x86)/atmel/studio/7.0/toolchain/avr8/avr8-gnu-toolchain/bin/../lib/gcc/avr/5.4.0/../../../../avr/lib/avr6\libc.a(memcpy.o)
 .data          0x00000000        0x0 c:/program files (x86)/atmel/studio/7.0/toolchain/avr8/avr8-gnu-toolchain/bin/../lib/gcc/avr/5.4.0/../../../../avr/lib/avr6\libc.a(memcpy.o)
 .bss           0x00000000        0x0 c:/program files (x86)/atmel/studio/7.0/toolchain/avr8/avr8-gnu-toolchain/bin/../lib/gcc/avr/5.4.0/../../../../avr/lib/avr6\libc.a(memcpy.o)
 .text          0x00000000        0x0 c:/program files (x86)/atmel/studio/7.0/toolchain/avr8/avr8-gnu-toolchain/bin/../lib/gcc/avr/5.4.0/../../../../avr/lib/avr6\libc.a(memset.o)
 .data          0x00000000        0x0 c:/program files (x86)/atmel/studio/7.0/toolchain/avr8/avr8-gnu-toolchain/bin/../lib/gcc/avr/5.4.0/../../../../avr/lib/avr6\libc.a(memset.o)
 .bss           0x00000000        0x0 c:/program files (x86)/atmel/studio/7.0/toolchain/avr8/avr8-gnu-toolchain/bin/../lib/gcc/avr/5.4.0/../../../../avr/lib/avr6\libc.a(memset.o)
 .text          0x00000000        0x0 c:/program files (x86)/atmel/studio/7.0/toolchain/avr8/avr8-gnu-toolchain/bin/../lib/gcc/avr/5.4.0/../../../../avr/lib/avr6\libc.a(fgetc.o)
 .data          0x00000000        0x0 c:/program files (x86)/atmel/studio/7.0/toolchain/avr8/avr8-gnu-toolchain/bin/../lib/gcc/avr/5.4.0/../../../../avr/lib/avr6\libc.a(fgetc.o)
 .bss           0x00000000        0x0 c:/program files (x86)/atmel/studio/7.0/toolchain/avr8/avr8-gnu-toolchain/bin/../lib/gcc/avr/5.4.0/../../../../avr/lib/avr6\libc.a(fgetc.o)
 .text          0x00000000        0x0 c:/program files (x86)/atmel/studio/7.0/toolchain/avr8/avr8-gnu-toolchain/bin/../lib/gcc/avr/5.4.0/../../../../avr/lib/avr6\libc.a(iob.o)
 .data          0x00000000        0x0 c:/program files (x86)/atmel/studio/7.0/toolchain/avr8/avr8-gnu-toolchain/bin/../lib/gcc/avr/5.4.0/../../../../avr/lib/avr6\libc.a(iob.o)
 .bss           0x00000000        0x0 c:/program files (x86)/atmel/studio/7.0/toolchain/avr8/avr8-gnu-toolchain/bin/../lib/gcc/avr/5.4.0/../../../../avr/lib/avr6\libc.a(iob.o)
 .text          0x00000000        0x0 c:/program files (x86)/atmel/studio/7.0/toolchain/avr8/avr8-gnu-toolchain/bin/../lib/gcc/avr/5.4.0/../../../../avr/lib/avr6\libc.a(putchar.o)
 .data          0x00000000        0x0 c:/program files (x86)/atmel/studio/7.0/toolchain/avr8/avr8-gnu-toolchain/bin/../lib/gcc/avr/5.4.0/../../../../avr/lib/avr6\libc.a(putchar.o)
 .bss           0x00000000        0x0 c:/program files (x86)/atmel/studio/7.0/toolchain/avr8/avr8-gnu-toolchain/bin/../lib/gcc/avr/5.4.0/../../../../avr/lib/avr6\libc.a(putchar.o)
 .text          0x00000000        0x0 c:/program files (x86)/atmel/studio/7.0/toolchain/avr8/avr8-gnu-toolchain/bin/../lib/gcc/avr/5.4.0/../../../../avr/lib/avr6\libc.a(fputc.o)
 .data          0x00000000        0x0 c:/program files (x86)/atmel/studio/7.0/toolchain/avr8/avr8-gnu-toolchain/bin/../lib/gcc/avr/5.4.0/../../../../avr/lib/avr6\libc.a(fputc.o)
 .bss           0x00000000        0x0 c:/program files (x86)/atmel/studio/7.0/toolchain/avr8/avr8-gnu-toolchain/bin/../lib/gcc/avr/5.4.0/../../../../avr/lib/avr6\libc.a(fputc.o)

Memory Configuration

Name             Origin             Length             Attributes
text             0x00000000         0x00040000         xr
data             0x00800200         0x00002000         rw !x
eeprom           0x00810000         0x00001000         rw !x
fuse             0x00820000         0x00000003         rw !x
lock             0x00830000         0x00000400         rw !x
signature        0x00840000         0x00000400         rw !x
user_signatures  0x00850000         0x00000400         rw !x
*default*        0x00000000         0xffffffff

Linker script and memory map

Address of section .data set to 0x800200
LOAD C:/Program Files (x86)/Atmel/Studio/7.0/Packs/atmel/ATmega_DFP/1.6.364/gcc/dev/atmega2560/avr6/crtatmega2560.o
LOAD FreeRTOS/FreeRTOSTraceDriver/FreeRTOSTraceDriver.o
LOAD FreeRTOS/src/croutine.o
LOAD FreeRTOS/src/event_groups.o
LOAD FreeRTOS/src/heap_4.o
LOAD FreeRTOS/src/list.o
LOAD FreeRTOS/src/port.o
LOAD FreeRTOS/src/queue.o
LOAD FreeRTOS/src/stream_buffer.o
LOAD FreeRTOS/src/tasks.o
LOAD FreeRTOS/src/timers.o
LOAD FreeRTOS/src/variantHooks.o
LOAD main.o
START GROUP
LOAD c:/program files (x86)/atmel/studio/7.0/toolchain/avr8/avr8-gnu-toolchain/bin/../lib/gcc/avr/5.4.0/../../../../avr/lib/avr6\libm.a
LOAD ../drivers\libIotLibrary.a
END GROUP
START GROUP
LOAD c:/program files (x86)/atmel/studio/7.0/toolchain/avr8/avr8-gnu-toolchain/bin/../lib/gcc/avr/5.4.0/avr6\libgcc.a
LOAD c:/program files (x86)/atmel/studio/7.0/toolchain/avr8/avr8-gnu-toolchain/bin/../lib/gcc/avr/5.4.0/../../../../avr/lib/avr6\libm.a
LOAD c:/program files (x86)/atmel/studio/7.0/toolchain/avr8/avr8-gnu-toolchain/bin/../lib/gcc/avr/5.4.0/../../../../avr/lib/avr6\libc.a
LOAD C:/Program Files (x86)/Atmel/Studio/7.0/Packs/atmel/ATmega_DFP/1.6.364/gcc/dev/atmega2560/avr6\libatmega2560.a
END GROUP
                0x00000000                __TEXT_REGION_ORIGIN__ = DEFINED (__TEXT_REGION_ORIGIN__)?__TEXT_REGION_ORIGIN__:0x0
                [0x00800200]                __DATA_REGION_ORIGIN__ = DEFINED (__DATA_REGION_ORIGIN__)?__DATA_REGION_ORIGIN__:0x800200
                [0x00040000]                __TEXT_REGION_LENGTH__ = DEFINED (__TEXT_REGION_LENGTH__)?__TEXT_REGION_LENGTH__:0x100000
                [0x00002000]                __DATA_REGION_LENGTH__ = DEFINED (__DATA_REGION_LENGTH__)?__DATA_REGION_LENGTH__:0xfe00
                [0x00001000]                __EEPROM_REGION_LENGTH__ = DEFINED (__EEPROM_REGION_LENGTH__)?__EEPROM_REGION_LENGTH__:0x10000
                [0x00000003]                __FUSE_REGION_LENGTH__ = DEFINED (__FUSE_REGION_LENGTH__)?__FUSE_REGION_LENGTH__:0x400
                0x00000400                __LOCK_REGION_LENGTH__ = DEFINED (__LOCK_REGION_LENGTH__)?__LOCK_REGION_LENGTH__:0x400
                0x00000400                __SIGNATURE_REGION_LENGTH__ = DEFINED (__SIGNATURE_REGION_LENGTH__)?__SIGNATURE_REGION_LENGTH__:0x400
                0x00000400                __USER_SIGNATURE_REGION_LENGTH__ = DEFINED (__USER_SIGNATURE_REGION_LENGTH__)?__USER_SIGNATURE_REGION_LENGTH__:0x400

.hash
 *(.hash)

.dynsym
 *(.dynsym)

.dynstr
 *(.dynstr)

.gnu.version
 *(.gnu.version)

.gnu.version_d
 *(.gnu.version_d)

.gnu.version_r
 *(.gnu.version_r)

.rel.init
 *(.rel.init)

.rela.init
 *(.rela.init)

.rel.text
 *(.rel.text)
 *(.rel.text.*)
 *(.rel.gnu.linkonce.t*)

.rela.text
 *(.rela.text)
 *(.rela.text.*)
 *(.rela.gnu.linkonce.t*)

.rel.fini
 *(.rel.fini)

.rela.fini
 *(.rela.fini)

.rel.rodata
 *(.rel.rodata)
 *(.rel.rodata.*)
 *(.rel.gnu.linkonce.r*)

.rela.rodata
 *(.rela.rodata)
 *(.rela.rodata.*)
 *(.rela.gnu.linkonce.r*)

.rel.data
 *(.rel.data)
 *(.rel.data.*)
 *(.rel.gnu.linkonce.d*)

.rela.data
 *(.rela.data)
 *(.rela.data.*)
 *(.rela.gnu.linkonce.d*)

.rel.ctors
 *(.rel.ctors)

.rela.ctors
 *(.rela.ctors)

.rel.dtors
 *(.rel.dtors)

.rela.dtors
 *(.rela.dtors)

.rel.got
 *(.rel.got)

.rela.got
 *(.rela.got)

.rel.bss
 *(.rel.bss)

.rela.bss
 *(.rela.bss)

.rel.plt
 *(.rel.plt)

.rela.plt
 *(.rela.plt)

.text           0x00000000     0x389c
 *(.vectors)
 .vectors       0x00000000       0xe4 C:/Program Files (x86)/Atmel/Studio/7.0/Packs/atmel/ATmega_DFP/1.6.364/gcc/dev/atmega2560/avr6/crtatmega2560.o
                0x00000000                __vector_default
                0x00000000                __vectors
 *(.vectors)
 *(.progmem.gcc*)
 .progmem.gcc_sw_table.prvProcessReceivedCommands
                0x000000e4       0x14 FreeRTOS/src/timers.o
                0x000000f8                . = ALIGN (0x2)
                0x000000f8                __trampolines_start = .
 *(.trampolines)
 .trampolines   0x000000f8        0x0 linker stubs
 *(.trampolines*)
                0x000000f8                __trampolines_end = .
 *libprintf_flt.a:*(.progmem.data)
 *libc.a:*(.progmem.data)
 *(.progmem*)
                0x000000f8                . = ALIGN (0x2)
 *(.jumptables)
 *(.jumptables*)
 *(.lowtext)
 .lowtext       0x000000f8       0x14 FreeRTOS/src/tasks.o
 .lowtext       0x0000010c       0x1e FreeRTOS/src/timers.o
 *(.lowtext*)
                0x0000012a                __ctors_start = .
 *(.ctors)
                0x0000012a                __ctors_end = .
                0x0000012a                __dtors_start = .
 *(.dtors)
                0x0000012a                __dtors_end = .
 SORT(*)(.ctors)
 SORT(*)(.dtors)
 *(.init0)
 .init0         0x0000012a        0x0 C:/Program Files (x86)/Atmel/Studio/7.0/Packs/atmel/ATmega_DFP/1.6.364/gcc/dev/atmega2560/avr6/crtatmega2560.o
                0x0000012a                __init
 *(.init0)
 *(.init1)
 *(.init1)
 *(.init2)
 .init2         0x0000012a       0x10 C:/Program Files (x86)/Atmel/Studio/7.0/Packs/atmel/ATmega_DFP/1.6.364/gcc/dev/atmega2560/avr6/crtatmega2560.o
 *(.init2)
 *(.init3)
 *(.init3)
 *(.init4)
 .init4         0x0000013a       0x1a c:/program files (x86)/atmel/studio/7.0/toolchain/avr8/avr8-gnu-toolchain/bin/../lib/gcc/avr/5.4.0/avr6\libgcc.a(_copy_data.o)
                0x0000013a                __do_copy_data
 .init4         0x00000154       0x10 c:/program files (x86)/atmel/studio/7.0/toolchain/avr8/avr8-gnu-toolchain/bin/../lib/gcc/avr/5.4.0/avr6\libgcc.a(_clear_bss.o)
                0x00000154                __do_clear_bss
 *(.init4)
 *(.init5)
 *(.init5)
 *(.init6)
 *(.init6)
 *(.init7)
 *(.init7)
 *(.init8)
 *(.init8)
 *(.init9)
 .init9         0x00000164        0x8 C:/Program Files (x86)/Atmel/Studio/7.0/Packs/atmel/ATmega_DFP/1.6.364/gcc/dev/atmega2560/avr6/crtatmega2560.o
 *(.init9)
 *(.text)
 .text          0x0000016c        0x2 C:/Program Files (x86)/Atmel/Studio/7.0/Packs/atmel/ATmega_DFP/1.6.364/gcc/dev/atmega2560/avr6/crtatmega2560.o
                0x0000016c                __vector_38
                0x0000016c                __vector_22
                0x0000016c                __vector_28
                0x0000016c                __vector_1
                0x0000016c                __vector_32
                0x0000016c                __vector_34
                0x0000016c                __vector_24
                0x0000016c                __vector_46
                0x0000016c                __bad_interrupt
                0x0000016c                __vector_6
                0x0000016c                __vector_31
                0x0000016c                __vector_35
                0x0000016c                __vector_39
                0x0000016c                __vector_3
                0x0000016c                __vector_23
                0x0000016c                __vector_30
                0x0000016c                __vector_45
                0x0000016c                __vector_11
                0x0000016c                __vector_13
                0x0000016c                __vector_17
                0x0000016c                __vector_19
                0x0000016c                __vector_56
                0x0000016c                __vector_7
                0x0000016c                __vector_49
                0x0000016c                __vector_41
                0x0000016c                __vector_43
                0x0000016c                __vector_27
                0x0000016c                __vector_5
                0x0000016c                __vector_33
                0x0000016c                __vector_47
                0x0000016c                __vector_4
                0x0000016c                __vector_44
                0x0000016c                __vector_9
                0x0000016c                __vector_2
                0x0000016c                __vector_21
                0x0000016c                __vector_15
                0x0000016c                __vector_29
                0x0000016c                __vector_40
                0x0000016c                __vector_8
                0x0000016c                __vector_48
                0x0000016c                __vector_14
                0x0000016c                __vector_53
                0x0000016c                __vector_10
                0x0000016c                __vector_50
                0x0000016c                __vector_16
                0x0000016c                __vector_18
                0x0000016c                __vector_20
                0x0000016c                __vector_42
                0x0000016e                . = ALIGN (0x2)
 *(.text.*)
 .text.task_switch_in
                0x0000016e       0x14 FreeRTOS/FreeRTOSTraceDriver/FreeRTOSTraceDriver.o
                0x0000016e                task_switch_in
 .text.task_switch_out
                0x00000182        0xc FreeRTOS/FreeRTOSTraceDriver/FreeRTOSTraceDriver.o
                0x00000182                task_switch_out
 .text.prvHeapInit
                0x0000018e       0x52 FreeRTOS/src/heap_4.o
 .text.prvInsertBlockIntoFreeList
                0x000001e0       0x94 FreeRTOS/src/heap_4.o
 .text.pvPortMalloc
                0x00000274      0x152 FreeRTOS/src/heap_4.o
                0x00000274                pvPortMalloc
 .text.vPortFree
                0x000003c6       0x78 FreeRTOS/src/heap_4.o
                0x000003c6                vPortFree
 .text.vListInitialise
                0x0000043e       0x22 FreeRTOS/src/list.o
                0x0000043e                vListInitialise
 .text.vListInitialiseItem
                0x00000460        0x8 FreeRTOS/src/list.o
                0x00000460                vListInitialiseItem
 .text.vListInsert
                0x00000468       0x7a FreeRTOS/src/list.o
                0x00000468                vListInsert
 .text.uxListRemove
                0x000004e2       0x4e FreeRTOS/src/list.o
                0x000004e2                uxListRemove
 .text.prvSetupTimerInterrupt
                0x00000530       0x18 FreeRTOS/src/port.o
 .text.pxPortInitialiseStack
                0x00000548       0x2e FreeRTOS/src/port.o
                0x00000548                pxPortInitialiseStack
 .text.xPortStartScheduler
                0x00000576       0x64 FreeRTOS/src/port.o
                0x00000576                xPortStartScheduler
 .text.vPortYield
                0x000005da       0xc2 FreeRTOS/src/port.o
                0x000005da                vPortYield
 .text.vPortYieldFromTick
                0x0000069c       0xc8 FreeRTOS/src/port.o
                0x0000069c                vPortYieldFromTick
 .text.__vector_12
                0x00000764        0x4 FreeRTOS/src/port.o
                0x00000764                __vector_12
 .text.prvGetDisinheritPriorityAfterTimeout
                0x00000768       0x20 FreeRTOS/src/queue.o
 .text.prvIsQueueEmpty
                0x00000788       0x1a FreeRTOS/src/queue.o
 .text.prvIsQueueFull
                0x000007a2       0x1c FreeRTOS/src/queue.o
 .text.prvCopyDataToQueue
                0x000007be       0xbe FreeRTOS/src/queue.o
 .text.prvCopyDataFromQueue
                0x0000087c       0x34 FreeRTOS/src/queue.o
 .text.prvUnlockQueue
                0x000008b0       0x68 FreeRTOS/src/queue.o
 .text.xQueueGenericReset
                0x00000918       0x86 FreeRTOS/src/queue.o
                0x00000918                xQueueGenericReset
 .text.prvInitialiseNewQueue
                0x0000099e       0x24 FreeRTOS/src/queue.o
 .text.xQueueGenericCreate
                0x000009c2       0x46 FreeRTOS/src/queue.o
                0x000009c2                xQueueGenericCreate
 .text.xQueueGenericSend
                0x00000a08      0x11c FreeRTOS/src/queue.o
                0x00000a08                xQueueGenericSend
 .text.prvInitialiseMutex
                0x00000b24       0x24 FreeRTOS/src/queue.o
 .text.xQueueCreateMutex
                0x00000b48       0x18 FreeRTOS/src/queue.o
                0x00000b48                xQueueCreateMutex
 .text.xQueueGenericSendFromISR
                0x00000b60       0x74 FreeRTOS/src/queue.o
                0x00000b60                xQueueGenericSendFromISR
 .text.xQueueReceive
                0x00000bd4      0x116 FreeRTOS/src/queue.o
                0x00000bd4                xQueueReceive
 .text.xQueueSemaphoreTake
                0x00000cea      0x158 FreeRTOS/src/queue.o
                0x00000cea                xQueueSemaphoreTake
 .text.vQueueWaitForMessageRestricted
                0x00000e42       0x36 FreeRTOS/src/queue.o
                0x00000e42                vQueueWaitForMessageRestricted
 .text.prvResetNextTaskUnblockTime
                0x00000e78       0x4e FreeRTOS/src/tasks.o
 .text.prvDeleteTCB
                0x00000ec6       0x16 FreeRTOS/src/tasks.o
 .text.prvInitialiseNewTask
                0x00000edc       0xfa FreeRTOS/src/tasks.o
 .text.prvInitialiseTaskLists
                0x00000fd6       0x54 FreeRTOS/src/tasks.o
 .text.prvAddNewTaskToReadyList
                0x0000102a       0xdc FreeRTOS/src/tasks.o
 .text.prvCheckTasksWaitingTermination
                0x00001106       0x48 FreeRTOS/src/tasks.o
 .text.prvAddCurrentTaskToDelayedList
                0x0000114e      0x13e FreeRTOS/src/tasks.o
 .text.xTaskCreate
                0x0000128c       0x96 FreeRTOS/src/tasks.o
                0x0000128c                xTaskCreate
 .text.vTaskStartScheduler
                0x00001322       0x7a FreeRTOS/src/tasks.o
                0x00001322                vTaskStartScheduler
 .text.vTaskSuspendAll
                0x0000139c        0xc FreeRTOS/src/tasks.o
                0x0000139c                vTaskSuspendAll
 .text.xTaskGetTickCount
                0x000013a8       0x1c FreeRTOS/src/tasks.o
                0x000013a8                xTaskGetTickCount
 .text.xTaskIncrementTick
                0x000013c4      0x258 FreeRTOS/src/tasks.o
                0x000013c4                xTaskIncrementTick
 .text.xTaskResumeAll
                0x0000161c      0x1b8 FreeRTOS/src/tasks.o
                0x0000161c                xTaskResumeAll
 .text.xTaskDelayUntil
                0x000017d4       0xca FreeRTOS/src/tasks.o
                0x000017d4                xTaskDelayUntil
 .text.vTaskDelay
                0x0000189e       0x36 FreeRTOS/src/tasks.o
                0x0000189e                vTaskDelay
 .text.vTaskSetApplicationTaskTag
                0x000018d4       0x1e FreeRTOS/src/tasks.o
                0x000018d4                vTaskSetApplicationTaskTag
 .text.vTaskSwitchContext
                0x000018f2       0xe4 FreeRTOS/src/tasks.o
                0x000018f2                vTaskSwitchContext
 .text.vTaskPlaceOnEventList
                0x000019d6       0x2e FreeRTOS/src/tasks.o
                0x000019d6                vTaskPlaceOnEventList
 .text.vTaskPlaceOnEventListRestricted
                0x00001a04       0x84 FreeRTOS/src/tasks.o
                0x00001a04                vTaskPlaceOnEventListRestricted
 .text.xTaskRemoveFromEventList
                0x00001a88      0x15e FreeRTOS/src/tasks.o
                0x00001a88                xTaskRemoveFromEventList
 .text.vTaskInternalSetTimeOutState
                0x00001be6       0x22 FreeRTOS/src/tasks.o
                0x00001be6                vTaskInternalSetTimeOutState
 .text.xTaskCheckForTimeOut
                0x00001c08       0xcc FreeRTOS/src/tasks.o
                0x00001c08                xTaskCheckForTimeOut
 .text.vTaskMissedYield
                0x00001cd4        0x8 FreeRTOS/src/tasks.o
                0x00001cd4                vTaskMissedYield
 .text.xTaskGetSchedulerState
                0x00001cdc       0x1c FreeRTOS/src/tasks.o
                0x00001cdc                xTaskGetSchedulerState
 .text.xTaskPriorityInherit
                0x00001cf8      0x10e FreeRTOS/src/tasks.o
                0x00001cf8                xTaskPriorityInherit
 .text.xTaskPriorityDisinherit
                0x00001e06       0xb6 FreeRTOS/src/tasks.o
                0x00001e06                xTaskPriorityDisinherit
 .text.vTaskPriorityDisinheritAfterTimeout
                0x00001ebc       0xce FreeRTOS/src/tasks.o
                0x00001ebc                vTaskPriorityDisinheritAfterTimeout
 .text.pvTaskIncrementMutexHeldCount
                0x00001f8a       0x24 FreeRTOS/src/tasks.o
                0x00001f8a                pvTaskIncrementMutexHeldCount
 .text.prvGetNextExpireTime
                0x00001fae       0x30 FreeRTOS/src/timers.o
 .text.prvInsertTimerInActiveList
                0x00001fde       0x92 FreeRTOS/src/timers.o
 .text.prvCheckForValidListAndQueue
                0x00002070       0x52 FreeRTOS/src/timers.o
 .text.xTimerCreateTimerTask
                0x000020c2       0x40 FreeRTOS/src/timers.o
                0x000020c2                xTimerCreateTimerTask
 .text.xTimerGenericCommand
                0x00002102       0xbc FreeRTOS/src/timers.o
                0x00002102                xTimerGenericCommand
 .text.prvSwitchTimerLists
                0x000021be       0xd0 FreeRTOS/src/timers.o
 .text.prvSampleTimeNow
                0x0000228e       0x5a FreeRTOS/src/timers.o
 .text.prvProcessExpiredTimer
                0x000022e8       0xac FreeRTOS/src/timers.o
 .text.prvProcessTimerOrBlockTask
                0x00002394       0xa8 FreeRTOS/src/timers.o
 .text.prvProcessReceivedCommands
                0x0000243c      0x168 FreeRTOS/src/timers.o
 .text.vApplicationIdleHook
                0x000025a4        0x2 FreeRTOS/src/variantHooks.o
                0x000025a4                vApplicationIdleHook
 .text.prvSetMainLedOn
                0x000025a6        0xe FreeRTOS/src/variantHooks.o
                0x000025a6                prvSetMainLedOn
 .text.prvBlinkMainLed
                0x000025b4        0x8 FreeRTOS/src/variantHooks.o
                0x000025b4                prvBlinkMainLed
 .text.vApplicationMallocFailedHook
                0x000025bc       0x18 FreeRTOS/src/variantHooks.o
                0x000025bc                vApplicationMallocFailedHook
 .text.vApplicationStackOverflowHook
                0x000025d4       0x18 FreeRTOS/src/variantHooks.o
                0x000025d4                vApplicationStackOverflowHook
 .text.userInputTask
                0x000025ec       0x62 main.o
                0x000025ec                userInputTask
 .text.printTask
                0x0000264e       0x6a main.o
                0x0000264e                printTask
 .text.setBit   0x000026b8       0x12 main.o
                0x000026b8                setBit
 .text.bitAtPos
                0x000026ca       0x10 main.o
                0x000026ca                bitAtPos
 .text.getHammingBits
                0x000026da       0xa6 main.o
                0x000026da                getHammingBits
 .text.initialiseSystem
                0x00002780       0xd0 main.o
                0x00002780                initialiseSystem
 .text.main     0x00002850        0xc main.o
                0x00002850                main
 .text.tryReceive
                0x0000285c       0x7a main.o
                0x0000285c                tryReceive
 .text.receiveTask
                0x000028d6       0x20 main.o
                0x000028d6                receiveTask
 .text.trySend  0x000028f6       0x28 main.o
                0x000028f6                trySend
 .text.waitForAckNackOrTimeout
                0x0000291e       0x48 main.o
                0x0000291e                waitForAckNackOrTimeout
 .text.clearMessage
                0x00002966        0x4 main.o
                0x00002966                clearMessage
 .text.sendTask
                0x0000296a       0x50 main.o
                0x0000296a                sendTask
 .text.usart_getchar
                0x000029ba       0x2a ../drivers\libIotLibrary.a(stdio_driver.o)
 .text.usart_putchar
                0x000029e4       0x12 ../drivers\libIotLibrary.a(stdio_driver.o)
 .text.stdio_initialise
                0x000029f6       0x52 ../drivers\libIotLibrary.a(stdio_driver.o)
                0x000029f6                stdio_initialise
 .text.stdio_inputIsWaiting
                0x00002a48       0x2a ../drivers\libIotLibrary.a(stdio_driver.o)
                0x00002a48                stdio_inputIsWaiting
 .text.serial_create
                0x00002a72      0x138 ../drivers\libIotLibrary.a(serial.o)
                0x00002a72                serial_create
 .text.serial_sendByte
                0x00002baa       0x56 ../drivers\libIotLibrary.a(serial.o)
                0x00002baa                serial_sendByte
 .text.serial_getByte
                0x00002c00       0x40 ../drivers\libIotLibrary.a(serial.o)
                0x00002c00                serial_getByte
 .text.serial_emptyRxFifo
                0x00002c40       0x24 ../drivers\libIotLibrary.a(serial.o)
                0x00002c40                serial_emptyRxFifo
 .text.__vector_25
                0x00002c64       0xa4 ../drivers\libIotLibrary.a(serial.o)
                0x00002c64                __vector_25
 .text.__vector_26
                0x00002d08       0x88 ../drivers\libIotLibrary.a(serial.o)
                0x00002d08                __vector_26
 .text.__vector_36
                0x00002d90       0xa4 ../drivers\libIotLibrary.a(serial.o)
                0x00002d90                __vector_36
 .text.__vector_37
                0x00002e34       0x88 ../drivers\libIotLibrary.a(serial.o)
                0x00002e34                __vector_37
 .text.__vector_51
                0x00002ebc       0xa4 ../drivers\libIotLibrary.a(serial.o)
                0x00002ebc                __vector_51
 .text.__vector_52
                0x00002f60       0x88 ../drivers\libIotLibrary.a(serial.o)
                0x00002f60                __vector_52
 .text.__vector_54
                0x00002fe8       0xa4 ../drivers\libIotLibrary.a(serial.o)
                0x00002fe8                __vector_54
 .text.__vector_55
                0x0000308c       0x88 ../drivers\libIotLibrary.a(serial.o)
                0x0000308c                __vector_55
 .text.fifo_init
                0x00003114       0x38 ../drivers\libIotLibrary.a(fifo.o)
                0x00003114                fifo_init
 .text.avr-libc.fplib
                0x0000314c        0xa c:/program files (x86)/atmel/studio/7.0/toolchain/avr8/avr8-gnu-toolchain/bin/../lib/gcc/avr/5.4.0/../../../../avr/lib/avr6\libm.a(addsf3.o)
                0x0000314c                __subsf3
                0x0000314e                __addsf3
 .text.avr-libc.fplib
                0x00003156       0xc0 c:/program files (x86)/atmel/studio/7.0/toolchain/avr8/avr8-gnu-toolchain/bin/../lib/gcc/avr/5.4.0/../../../../avr/lib/avr6\libm.a(addsf3x.o)
                0x00003170                __addsf3x
 .text.avr-libc.fplib
                0x00003216        0x4 c:/program files (x86)/atmel/studio/7.0/toolchain/avr8/avr8-gnu-toolchain/bin/../lib/gcc/avr/5.4.0/../../../../avr/lib/avr6\libm.a(divsf3.o)
                0x00003216                __divsf3
 .text.avr-libc.fplib
                0x0000321a       0xcc c:/program files (x86)/atmel/studio/7.0/toolchain/avr8/avr8-gnu-toolchain/bin/../lib/gcc/avr/5.4.0/../../../../avr/lib/avr6\libm.a(divsf3x.o)
                0x00003230                __divsf3x
                0x00003234                __divsf3_pse
 .text.avr-libc.fplib
                0x000032e6       0x58 c:/program files (x86)/atmel/studio/7.0/toolchain/avr8/avr8-gnu-toolchain/bin/../lib/gcc/avr/5.4.0/../../../../avr/lib/avr6\libm.a(fixunssfsi.o)
                0x000032e6                __fixunssfsi
 .text.avr-libc.fplib
                0x0000333e       0x7a c:/program files (x86)/atmel/studio/7.0/toolchain/avr8/avr8-gnu-toolchain/bin/../lib/gcc/avr/5.4.0/../../../../avr/lib/avr6\libm.a(floatsisf.o)
                0x0000333e                __floatunsisf
                0x00003342                __floatsisf
 .text.avr-libc.fplib
                0x000033b8        0xc c:/program files (x86)/atmel/studio/7.0/toolchain/avr8/avr8-gnu-toolchain/bin/../lib/gcc/avr/5.4.0/../../../../avr/lib/avr6\libm.a(fp_inf.o)
                0x000033b8                __fp_inf
 .text.avr-libc.fplib
                0x000033c4        0x6 c:/program files (x86)/atmel/studio/7.0/toolchain/avr8/avr8-gnu-toolchain/bin/../lib/gcc/avr/5.4.0/../../../../avr/lib/avr6\libm.a(fp_nan.o)
                0x000033c4                __fp_nan
 .text.avr-libc.fplib
                0x000033ca        0xe c:/program files (x86)/atmel/studio/7.0/toolchain/avr8/avr8-gnu-toolchain/bin/../lib/gcc/avr/5.4.0/../../../../avr/lib/avr6\libm.a(fp_pscA.o)
                0x000033ca                __fp_pscA
 .text.avr-libc.fplib
                0x000033d8        0xe c:/program files (x86)/atmel/studio/7.0/toolchain/avr8/avr8-gnu-toolchain/bin/../lib/gcc/avr/5.4.0/../../../../avr/lib/avr6\libm.a(fp_pscB.o)
                0x000033d8                __fp_pscB
 .text.avr-libc.fplib
                0x000033e6       0x22 c:/program files (x86)/atmel/studio/7.0/toolchain/avr8/avr8-gnu-toolchain/bin/../lib/gcc/avr/5.4.0/../../../../avr/lib/avr6\libm.a(fp_round.o)
                0x000033e6                __fp_round
 .text.avr-libc.fplib
                0x00003408       0x44 c:/program files (x86)/atmel/studio/7.0/toolchain/avr8/avr8-gnu-toolchain/bin/../lib/gcc/avr/5.4.0/../../../../avr/lib/avr6\libm.a(fp_split3.o)
                0x00003408                __fp_split3
                0x00003418                __fp_splitA
 .text.avr-libc.fplib
                0x0000344c        0xe c:/program files (x86)/atmel/studio/7.0/toolchain/avr8/avr8-gnu-toolchain/bin/../lib/gcc/avr/5.4.0/../../../../avr/lib/avr6\libm.a(fp_zero.o)
                0x0000344c                __fp_zero
                0x0000344e                __fp_szero
 .text.avr-libc.fplib
                0x0000345a        0x4 c:/program files (x86)/atmel/studio/7.0/toolchain/avr8/avr8-gnu-toolchain/bin/../lib/gcc/avr/5.4.0/../../../../avr/lib/avr6\libm.a(mulsf3.o)
                0x0000345a                __mulsf3
 .text.avr-libc.fplib
                0x0000345e       0xc2 c:/program files (x86)/atmel/studio/7.0/toolchain/avr8/avr8-gnu-toolchain/bin/../lib/gcc/avr/5.4.0/../../../../avr/lib/avr6\libm.a(mulsf3x.o)
                0x00003472                __mulsf3x
                0x00003476                __mulsf3_pse
 .text.libgcc   0x00003520       0x10 c:/program files (x86)/atmel/studio/7.0/toolchain/avr8/avr8-gnu-toolchain/bin/../lib/gcc/avr/5.4.0/avr6\libgcc.a(_tablejump2.o)
                0x00003520                __tablejump2__
 .text.avr-libc
                0x00003530      0x242 c:/program files (x86)/atmel/studio/7.0/toolchain/avr8/avr8-gnu-toolchain/bin/../lib/gcc/avr/5.4.0/../../../../avr/lib/avr6\libc.a(malloc.o)
                0x00003530                malloc
                0x00003660                free
 .text.avr-libc
                0x00003772        0x8 c:/program files (x86)/atmel/studio/7.0/toolchain/avr8/avr8-gnu-toolchain/bin/../lib/gcc/avr/5.4.0/../../../../avr/lib/avr6\libc.a(abort.o)
                0x00003772                abort
 .text.avr-libc
                0x0000377a       0x12 c:/program files (x86)/atmel/studio/7.0/toolchain/avr8/avr8-gnu-toolchain/bin/../lib/gcc/avr/5.4.0/../../../../avr/lib/avr6\libc.a(memcpy.o)
                0x0000377a                memcpy
 .text.avr-libc
                0x0000378c        0xe c:/program files (x86)/atmel/studio/7.0/toolchain/avr8/avr8-gnu-toolchain/bin/../lib/gcc/avr/5.4.0/../../../../avr/lib/avr6\libc.a(memset.o)
                0x0000378c                memset
 .text.avr-libc
                0x0000379a       0x7c c:/program files (x86)/atmel/studio/7.0/toolchain/avr8/avr8-gnu-toolchain/bin/../lib/gcc/avr/5.4.0/../../../../avr/lib/avr6\libc.a(fgetc.o)
                0x0000379a                fgetc
 .text.avr-libc
                0x00003816        0xa c:/program files (x86)/atmel/studio/7.0/toolchain/avr8/avr8-gnu-toolchain/bin/../lib/gcc/avr/5.4.0/../../../../avr/lib/avr6\libc.a(putchar.o)
                0x00003816                putchar
 .text.avr-libc
                0x00003820       0x78 c:/program files (x86)/atmel/studio/7.0/toolchain/avr8/avr8-gnu-toolchain/bin/../lib/gcc/avr/5.4.0/../../../../avr/lib/avr6\libc.a(fputc.o)
                0x00003820                fputc
                0x00003898                . = ALIGN (0x2)
 *(.fini9)
 .fini9         0x00003898        0x0 c:/program files (x86)/atmel/studio/7.0/toolchain/avr8/avr8-gnu-toolchain/bin/../lib/gcc/avr/5.4.0/avr6\libgcc.a(_exit.o)
                0x00003898                _exit
                0x00003898                exit
 *(.fini9)
 *(.fini8)
 *(.fini8)
 *(.fini7)
 *(.fini7)
 *(.fini6)
 *(.fini6)
 *(.fini5)
 *(.fini5)
 *(.fini4)
 *(.fini4)
 *(.fini3)
 *(.fini3)
 *(.fini2)
 *(.fini2)
 *(.fini1)
 *(.fini1)
 *(.fini0)
 .fini0         0x00003898        0x4 c:/program files (x86)/atmel/studio/7.0/toolchain/avr8/avr8-gnu-toolchain/bin/../lib/gcc/avr/5.4.0/avr6\libgcc.a(_exit.o)
 *(.fini0)
                0x0000389c                _etext = .

.data           0x00800200       0x48 load address 0x0000389c
                0x00800200                PROVIDE (__data_start, .)
 *(.data)
 .data          0x00800200        0x6 c:/program files (x86)/atmel/studio/7.0/toolchain/avr8/avr8-gnu-toolchain/bin/../lib/gcc/avr/5.4.0/../../../../avr/lib/avr6\libc.a(malloc.o)
                0x00800200                __malloc_heap_end
                0x00800202                __malloc_heap_start
                0x00800204                __malloc_margin
 *(.data*)
 .data.uxTopUsedPriority
                0x00800206        0x1 FreeRTOS/src/tasks.o
                0x00800206                uxTopUsedPriority
 .data.mystdout.1882
                0x00800207        0xe ../drivers\libIotLibrary.a(stdio_driver.o)
 .data._com_port_2_udr
                0x00800215        0x8 ../drivers\libIotLibrary.a(serial.o)
                0x00800215                _com_port_2_udr
 *(.gnu.linkonce.d*)
 *(.rodata)
 *(.rodata*)
 .rodata.str1.1
                0x0080021d        0x5 FreeRTOS/src/tasks.o
 .rodata.str1.1
                0x00800222        0x8 FreeRTOS/src/timers.o
 .rodata.str1.1
                0x0080022a       0x1d main.o
 *(.gnu.linkonce.r*)
                0x00800248                . = ALIGN (0x2)
 *fill*         0x00800247        0x1 
                0x00800248                _edata = .
                0x00800248                PROVIDE (__data_end, .)

.bss            0x00800248      0xad7
                0x00800248                PROVIDE (__bss_start, .)
 *(.bss)
 *(.bss*)
 .bss.xBlockAllocatedBit
                0x00800248        0x2 FreeRTOS/src/heap_4.o
 .bss.xNumberOfSuccessfulFrees
                0x0080024a        0x2 FreeRTOS/src/heap_4.o
 .bss.xNumberOfSuccessfulAllocations
                0x0080024c        0x2 FreeRTOS/src/heap_4.o
 .bss.xMinimumEverFreeBytesRemaining
                0x0080024e        0x2 FreeRTOS/src/heap_4.o
 .bss.xFreeBytesRemaining
                0x00800250        0x2 FreeRTOS/src/heap_4.o
 .bss.pxEnd     0x00800252        0x2 FreeRTOS/src/heap_4.o
 .bss.xStart    0x00800254        0x4 FreeRTOS/src/heap_4.o
 .bss.ucHeap    0x00800258      0x9c4 FreeRTOS/src/heap_4.o
 .bss.uxSchedulerSuspended
                0x00800c1c        0x1 FreeRTOS/src/tasks.o
 .bss.xIdleTaskHandle
                0x00800c1d        0x2 FreeRTOS/src/tasks.o
 .bss.xNextTaskUnblockTime
                0x00800c1f        0x4 FreeRTOS/src/tasks.o
 .bss.uxTaskNumber
                0x00800c23        0x1 FreeRTOS/src/tasks.o
 .bss.xNumOfOverflows
                0x00800c24        0x1 FreeRTOS/src/tasks.o
 .bss.xYieldPending
                0x00800c25        0x1 FreeRTOS/src/tasks.o
 .bss.xPendedTicks
                0x00800c26        0x4 FreeRTOS/src/tasks.o
 .bss.xSchedulerRunning
                0x00800c2a        0x1 FreeRTOS/src/tasks.o
 .bss.uxTopReadyPriority
                0x00800c2b        0x1 FreeRTOS/src/tasks.o
 .bss.xTickCount
                0x00800c2c        0x4 FreeRTOS/src/tasks.o
 .bss.uxCurrentNumberOfTasks
                0x00800c30        0x1 FreeRTOS/src/tasks.o
 .bss.xSuspendedTaskList
                0x00800c31        0xb FreeRTOS/src/tasks.o
 .bss.uxDeletedTasksWaitingCleanUp
                0x00800c3c        0x1 FreeRTOS/src/tasks.o
 .bss.xTasksWaitingTermination
                0x00800c3d        0xb FreeRTOS/src/tasks.o
 .bss.xPendingReadyList
                0x00800c48        0xb FreeRTOS/src/tasks.o
 .bss.pxOverflowDelayedTaskList
                0x00800c53        0x2 FreeRTOS/src/tasks.o
 .bss.pxDelayedTaskList
                0x00800c55        0x2 FreeRTOS/src/tasks.o
 .bss.xDelayedTaskList2
                0x00800c57        0xb FreeRTOS/src/tasks.o
 .bss.xDelayedTaskList1
                0x00800c62        0xb FreeRTOS/src/tasks.o
 .bss.pxReadyTasksLists
                0x00800c6d       0x6e FreeRTOS/src/tasks.o
 .bss.pxCurrentTCB
                0x00800cdb        0x2 FreeRTOS/src/tasks.o
                0x00800cdb                pxCurrentTCB
 .bss.xLastTime.2448
                0x00800cdd        0x4 FreeRTOS/src/timers.o
 .bss.xTimerTaskHandle
                0x00800ce1        0x2 FreeRTOS/src/timers.o
 .bss.xTimerQueue
                0x00800ce3        0x2 FreeRTOS/src/timers.o
 .bss.pxOverflowTimerList
                0x00800ce5        0x2 FreeRTOS/src/timers.o
 .bss.pxCurrentTimerList
                0x00800ce7        0x2 FreeRTOS/src/timers.o
 .bss.xActiveTimerList2
                0x00800ce9        0xb FreeRTOS/src/timers.o
 .bss.xActiveTimerList1
                0x00800cf4        0xb FreeRTOS/src/timers.o
 .bss._com_serial_instance
                0x00800cff        0x2 ../drivers\libIotLibrary.a(stdio_driver.o)
 .bss._ser_handle
                0x00800d01        0x8 ../drivers\libIotLibrary.a(serial.o)
 *(COMMON)
 COMMON         0x00800d09        0xc main.o
                0x00800d09                sendQueue
                0x00800d0b                timer2
                0x00800d0d                receiveQueue
                0x00800d0f                printSemaphore
                0x00800d11                timer1
                0x00800d13                timer3
 COMMON         0x00800d15        0x4 c:/program files (x86)/atmel/studio/7.0/toolchain/avr8/avr8-gnu-toolchain/bin/../lib/gcc/avr/5.4.0/../../../../avr/lib/avr6\libc.a(malloc.o)
                0x00800d15                __brkval
                0x00800d17                __flp
 COMMON         0x00800d19        0x6 c:/program files (x86)/atmel/studio/7.0/toolchain/avr8/avr8-gnu-toolchain/bin/../lib/gcc/avr/5.4.0/../../../../avr/lib/avr6\libc.a(iob.o)
                0x00800d19                __iob
                0x00800d1f                PROVIDE (__bss_end, .)
                0x0000389c                __data_load_start = LOADADDR (.data)
                0x000038e4                __data_load_end = (__data_load_start + SIZEOF (.data))

.noinit         0x00800d1f        0x0
                [!provide]                PROVIDE (__noinit_start, .)
 *(.noinit*)
                [!provide]                PROVIDE (__noinit_end, .)
                0x00800d1f                _end = .
                0x00800d1f                PROVIDE (__heap_start, .)

.eeprom         0x00810000        0x0
 *(.eeprom*)
                0x00810000                __eeprom_end = .

.fuse
 *(.fuse)
 *(.lfuse)
 *(.hfuse)
 *(.efuse)

.lock
 *(.lock*)

.signature
 *(.signature*)

.user_signatures
 *(.user_signatures*)

.stab
 *(.stab)

.stabstr
 *(.stabstr)

.stab.excl
 *(.stab.excl)

.stab.exclstr
 *(.stab.exclstr)

.stab.index
 *(.stab.index)

.stab.indexstr
 *(.stab.indexstr)

.comment        0x00000000       0x30
 *(.comment)
 .comment       0x00000000       0x30 FreeRTOS/FreeRTOSTraceDriver/FreeRTOSTraceDriver.o
                                 0x31 (size before relaxing)
 .comment       0x00000030       0x31 FreeRTOS/src/heap_4.o
 .comment       0x00000030       0x31 FreeRTOS/src/list.o
 .comment       0x00000030       0x31 FreeRTOS/src/port.o
 .comment       0x00000030       0x31 FreeRTOS/src/queue.o
 .comment       0x00000030       0x31 FreeRTOS/src/tasks.o
 .comment       0x00000030       0x31 FreeRTOS/src/timers.o
 .comment       0x00000030       0x31 FreeRTOS/src/variantHooks.o
 .comment       0x00000030       0x31 main.o
 .comment       0x00000030       0x31 ../drivers\libIotLibrary.a(stdio_driver.o)
 .comment       0x00000030       0x31 ../drivers\libIotLibrary.a(serial.o)
 .comment       0x00000030       0x31 ../drivers\libIotLibrary.a(fifo.o)
 .comment       0x00000030       0x31 c:/program files (x86)/atmel/studio/7.0/toolchain/avr8/avr8-gnu-toolchain/bin/../lib/gcc/avr/5.4.0/../../../../avr/lib/avr6\libc.a(malloc.o)
 .comment       0x00000030       0x31 c:/program files (x86)/atmel/studio/7.0/toolchain/avr8/avr8-gnu-toolchain/bin/../lib/gcc/avr/5.4.0/../../../../avr/lib/avr6\libc.a(fgetc.o)
 .comment       0x00000030       0x31 c:/program files (x86)/atmel/studio/7.0/toolchain/avr8/avr8-gnu-toolchain/bin/../lib/gcc/avr/5.4.0/../../../../avr/lib/avr6\libc.a(iob.o)
 .comment       0x00000030       0x31 c:/program files (x86)/atmel/studio/7.0/toolchain/avr8/avr8-gnu-toolchain/bin/../lib/gcc/avr/5.4.0/../../../../avr/lib/avr6\libc.a(putchar.o)
 .comment       0x00000030       0x31 c:/program files (x86)/atmel/studio/7.0/toolchain/avr8/avr8-gnu-toolchain/bin/../lib/gcc/avr/5.4.0/../../../../avr/lib/avr6\libc.a(fputc.o)

.note.gnu.avr.deviceinfo
                0x00000000       0x40
 .note.gnu.avr.deviceinfo
                0x00000000       0x40 C:/Program Files (x86)/Atmel/Studio/7.0/Packs/atmel/ATmega_DFP/1.6.364/gcc/dev/atmega2560/avr6/crtatmega2560.o

.note.gnu.build-id
 *(.note.gnu.build-id)

.debug
 *(.debug)

.line
 *(.line)

.debug_srcinfo
 *(.debug_srcinfo)

.debug_sfnames
 *(.debug_sfnames)

.debug_aranges  0x00000000      0x688
 *(.debug_aranges)
 .debug_aranges
                0x00000000       0x30 FreeRTOS/FreeRTOSTraceDriver/FreeRTOSTraceDriver.o
 .debug_aranges
                0x00000030       0x58 FreeRTOS/src/heap_4.o
 .debug_aranges
                0x00000088       0x40 FreeRTOS/src/list.o
 .debug_aranges
                0x000000c8       0x58 FreeRTOS/src/port.o
 .debug_aranges
                0x00000120       0xf8 FreeRTOS/src/queue.o
 .debug_aranges
                0x00000218      0x1f0 FreeRTOS/src/tasks.o
 .debug_aranges
                0x00000408       0xc8 FreeRTOS/src/timers.o
 .debug_aranges
                0x000004d0       0x40 FreeRTOS/src/variantHooks.o
 .debug_aranges
                0x00000510       0x90 main.o
 .debug_aranges
                0x000005a0       0x38 ../drivers\libIotLibrary.a(stdio_driver.o)
 .debug_aranges
                0x000005d8       0x90 ../drivers\libIotLibrary.a(serial.o)
 .debug_aranges
                0x00000668       0x20 ../drivers\libIotLibrary.a(fifo.o)

.debug_pubnames
 *(.debug_pubnames)

.debug_info     0x00000000     0x8630
 *(.debug_info .gnu.linkonce.wi.*)
 .debug_info    0x00000000      0xbbc C:/Program Files (x86)/Atmel/Studio/7.0/Packs/atmel/ATmega_DFP/1.6.364/gcc/dev/atmega2560/avr6/crtatmega2560.o
 .debug_info    0x00000bbc       0xd3 FreeRTOS/FreeRTOSTraceDriver/FreeRTOSTraceDriver.o
 .debug_info    0x00000c8f      0x4e6 FreeRTOS/src/heap_4.o
 .debug_info    0x00001175      0x2e7 FreeRTOS/src/list.o
 .debug_info    0x0000145c      0x2ff FreeRTOS/src/port.o
 .debug_info    0x0000175b     0x17e6 FreeRTOS/src/queue.o
 .debug_info    0x00002f41     0x2412 FreeRTOS/src/tasks.o
 .debug_info    0x00005353     0x10dd FreeRTOS/src/timers.o
 .debug_info    0x00006430      0x20f FreeRTOS/src/variantHooks.o
 .debug_info    0x0000663f      0xcdd main.o
 .debug_info    0x0000731c      0x3b6 ../drivers\libIotLibrary.a(stdio_driver.o)
 .debug_info    0x000076d2      0xd9b ../drivers\libIotLibrary.a(serial.o)
 .debug_info    0x0000846d      0x1c3 ../drivers\libIotLibrary.a(fifo.o)

.debug_abbrev   0x00000000     0x21cc
 *(.debug_abbrev)
 .debug_abbrev  0x00000000      0xb1a C:/Program Files (x86)/Atmel/Studio/7.0/Packs/atmel/ATmega_DFP/1.6.364/gcc/dev/atmega2560/avr6/crtatmega2560.o
 .debug_abbrev  0x00000b1a       0x92 FreeRTOS/FreeRTOSTraceDriver/FreeRTOSTraceDriver.o
 .debug_abbrev  0x00000bac      0x200 FreeRTOS/src/heap_4.o
 .debug_abbrev  0x00000dac       0xff FreeRTOS/src/list.o
 .debug_abbrev  0x00000eab      0x179 FreeRTOS/src/port.o
 .debug_abbrev  0x00001024      0x241 FreeRTOS/src/queue.o
 .debug_abbrev  0x00001265      0x2dc FreeRTOS/src/tasks.o
 .debug_abbrev  0x00001541      0x28c FreeRTOS/src/timers.o
 .debug_abbrev  0x000017cd       0xff FreeRTOS/src/variantHooks.o
 .debug_abbrev  0x000018cc      0x310 main.o
 .debug_abbrev  0x00001bdc      0x1b3 ../drivers\libIotLibrary.a(stdio_driver.o)
 .debug_abbrev  0x00001d8f      0x355 ../drivers\libIotLibrary.a(serial.o)
 .debug_abbrev  0x000020e4       0xe8 ../drivers\libIotLibrary.a(fifo.o)

.debug_line     0x00000000     0x4329
 *(.debug_line .debug_line.* .debug_line_end)
 .debug_line    0x00000000      0x1fa C:/Program Files (x86)/Atmel/Studio/7.0/Packs/atmel/ATmega_DFP/1.6.364/gcc/dev/atmega2560/avr6/crtatmega2560.o
 .debug_line    0x000001fa       0xfd FreeRTOS/FreeRTOSTraceDriver/FreeRTOSTraceDriver.o
 .debug_line    0x000002f7      0x41f FreeRTOS/src/heap_4.o
 .debug_line    0x00000716      0x1db FreeRTOS/src/list.o
 .debug_line    0x000008f1      0x28a FreeRTOS/src/port.o
 .debug_line    0x00000b7b      0xbe3 FreeRTOS/src/queue.o
 .debug_line    0x0000175e     0x16c7 FreeRTOS/src/tasks.o
 .debug_line    0x00002e25      0x624 FreeRTOS/src/timers.o
 .debug_line    0x00003449      0x1af FreeRTOS/src/variantHooks.o
 .debug_line    0x000035f8      0x430 main.o
 .debug_line    0x00003a28      0x146 ../drivers\libIotLibrary.a(stdio_driver.o)
 .debug_line    0x00003b6e      0x6a0 ../drivers\libIotLibrary.a(serial.o)
 .debug_line    0x0000420e      0x11b ../drivers\libIotLibrary.a(fifo.o)

.debug_frame    0x00000000     0x17d4
 *(.debug_frame)
 .debug_frame   0x00000000       0x44 FreeRTOS/FreeRTOSTraceDriver/FreeRTOSTraceDriver.o
 .debug_frame   0x00000044       0xfc FreeRTOS/src/heap_4.o
 .debug_frame   0x00000140       0x90 FreeRTOS/src/list.o
 .debug_frame   0x000001d0       0x94 FreeRTOS/src/port.o
 .debug_frame   0x00000264      0x3a4 FreeRTOS/src/queue.o
 .debug_frame   0x00000608      0x7e0 FreeRTOS/src/tasks.o
 .debug_frame   0x00000de8      0x3ac FreeRTOS/src/timers.o
 .debug_frame   0x00001194       0x64 FreeRTOS/src/variantHooks.o
 .debug_frame   0x000011f8      0x1a0 main.o
 .debug_frame   0x00001398       0x94 ../drivers\libIotLibrary.a(stdio_driver.o)
 .debug_frame   0x0000142c      0x384 ../drivers\libIotLibrary.a(serial.o)
 .debug_frame   0x000017b0       0x24 ../drivers\libIotLibrary.a(fifo.o)

.debug_str      0x00000000     0x2895
 *(.debug_str)
 .debug_str     0x00000000      0x3e6 C:/Program Files (x86)/Atmel/Studio/7.0/Packs/atmel/ATmega_DFP/1.6.364/gcc/dev/atmega2560/avr6/crtatmega2560.o
 .debug_str     0x000003e6      0x183 FreeRTOS/FreeRTOSTraceDriver/FreeRTOSTraceDriver.o
                                0x1b7 (size before relaxing)
 .debug_str     0x00000569      0x321 FreeRTOS/src/heap_4.o
                                0x480 (size before relaxing)
 .debug_str     0x0000088a      0x135 FreeRTOS/src/list.o
                                0x2bc (size before relaxing)
 .debug_str     0x000009bf      0x16e FreeRTOS/src/port.o
                                0x2f1 (size before relaxing)
 .debug_str     0x00000b2d      0x672 FreeRTOS/src/queue.o
                                0x930 (size before relaxing)
 .debug_str     0x0000119f      0xaa8 FreeRTOS/src/tasks.o
                               0x1022 (size before relaxing)
 .debug_str     0x00001c47      0x414 FreeRTOS/src/timers.o
                                0x827 (size before relaxing)
 .debug_str     0x0000205b       0x81 FreeRTOS/src/variantHooks.o
                                0x268 (size before relaxing)
 .debug_str     0x000020dc      0x1de main.o
                                0x481 (size before relaxing)
 .debug_str     0x000022ba      0x2bf ../drivers\libIotLibrary.a(stdio_driver.o)
                                0x37d (size before relaxing)
 .debug_str     0x00002579      0x2fa ../drivers\libIotLibrary.a(serial.o)
                                0x628 (size before relaxing)
 .debug_str     0x00002873       0x22 ../drivers\libIotLibrary.a(fifo.o)
                                0x239 (size before relaxing)

.debug_loc      0x00000000     0x7813
 *(.debug_loc)
 .debug_loc     0x00000000       0x42 FreeRTOS/FreeRTOSTraceDriver/FreeRTOSTraceDriver.o
 .debug_loc     0x00000042      0x4be FreeRTOS/src/heap_4.o
 .debug_loc     0x00000500      0x17d FreeRTOS/src/list.o
 .debug_loc     0x0000067d       0xf6 FreeRTOS/src/port.o
 .debug_loc     0x00000773     0x1abd FreeRTOS/src/queue.o
 .debug_loc     0x00002230     0x2b86 FreeRTOS/src/tasks.o
 .debug_loc     0x00004db6     0x10f3 FreeRTOS/src/timers.o
 .debug_loc     0x00005ea9       0xdc FreeRTOS/src/variantHooks.o
 .debug_loc     0x00005f85      0x458 main.o
 .debug_loc     0x000063dd      0x18c ../drivers\libIotLibrary.a(stdio_driver.o)
 .debug_loc     0x00006569     0x114c ../drivers\libIotLibrary.a(serial.o)
 .debug_loc     0x000076b5      0x15e ../drivers\libIotLibrary.a(fifo.o)

.debug_macinfo
 *(.debug_macinfo)

.debug_weaknames
 *(.debug_weaknames)

.debug_funcnames
 *(.debug_funcnames)

.debug_typenames
 *(.debug_typenames)

.debug_varnames
 *(.debug_varnames)

.debug_pubtypes
 *(.debug_pubtypes)

.debug_ranges   0x00000000      0x680
 *(.debug_ranges)
 .debug_ranges  0x00000000       0x20 FreeRTOS/FreeRTOSTraceDriver/FreeRTOSTraceDriver.o
 .debug_ranges  0x00000020       0x48 FreeRTOS/src/heap_4.o
 .debug_ranges  0x00000068       0x30 FreeRTOS/src/list.o
 .debug_ranges  0x00000098       0x48 FreeRTOS/src/port.o
 .debug_ranges  0x000000e0      0x130 FreeRTOS/src/queue.o
 .debug_ranges  0x00000210      0x220 FreeRTOS/src/tasks.o
 .debug_ranges  0x00000430       0xb8 FreeRTOS/src/timers.o
 .debug_ranges  0x000004e8       0x30 FreeRTOS/src/variantHooks.o
 .debug_ranges  0x00000518       0x98 main.o
 .debug_ranges  0x000005b0       0x28 ../drivers\libIotLibrary.a(stdio_driver.o)
 .debug_ranges  0x000005d8       0x98 ../drivers\libIotLibrary.a(serial.o)
 .debug_ranges  0x00000670       0x10 ../drivers\libIotLibrary.a(fifo.o)

.debug_macro
 *(.debug_macro)
OUTPUT(Assignment.elf elf32-avr)
LOAD linker stubs
